GPU6: explicit shared-device run; pre-existing memory=21854 MiB, utilization=0%; external processes are preserved
>> Using explicit emotion vectors
>> GPT weights restored from: /workspace/A_inspark_marlin/models/index_tts2/gpt.pth
GPT2InferenceModel has generative capabilities, as `prepare_inputs_for_generation` is explicitly defined. However, it doesn't directly inherit from `GenerationMixin`. From 👉v4.50👈 onwards, `PreTrainedModel` will NOT inherit from `GenerationMixin`, and this model will lose the ability to call `generate` and other related functions.
  - If you're using `trust_remote_code=True`, you can get rid of this warning by loading the model with an auto class. See https://huggingface.co/docs/transformers/en/model_doc/auto#auto-classes
  - If you are the owner of the model architecture code, please modify your model class such that it inherits from `GenerationMixin` (after `PreTrainedModel`, otherwise you'll get an exception).
  - If you are not the owner of the model architecture class, please contact the model code owner to update it.
>> semantic_codec weights restored from: /workspace/A_inspark_marlin/models/index_tts2/hf_cache/semantic_codec_model.safetensors
>> s2mel weights restored from: /workspace/A_inspark_marlin/models/index_tts2/s2mel.pth
>> campplus_model weights restored from: /workspace/A_inspark_marlin/models/index_tts2/hf_cache/campplus_cn_common.bin
Loading config.json from local directory
Loading weights from local directory
Removing weight norm...
>> bigvgan weights restored from: /workspace/A_inspark_marlin/models/index_tts2/hf_cache/bigvgan
2026-09-23 02:35:44,251 WETEXT INFO found existing fst: /workspace/A_inspark_marlin/.cache/text_normalizer/zh_tn_tagger.fst
2026-09-23 02:35:44,252 WETEXT INFO                     /workspace/A_inspark_marlin/.cache/text_normalizer/zh_tn_verbalizer.fst
2026-09-23 02:35:44,252 WETEXT INFO skip building fst for zh_normalizer ...
2026-09-23 02:35:44,618 WETEXT INFO found existing fst: /workspace/A_inspark_marlin/.venv/lib/python3.11/site-packages/tn/en_tn_tagger.fst
2026-09-23 02:35:44,618 WETEXT INFO                     /workspace/A_inspark_marlin/.venv/lib/python3.11/site-packages/tn/en_tn_verbalizer.fst
2026-09-23 02:35:44,618 WETEXT INFO skip building fst for en_normalizer ...
>> TextNormalizer loaded
>> bpe model loaded from: /workspace/A_inspark_marlin/models/index_tts2/bpe.model
PRECISION_PREP target bf16
PRECISION_PREP draft bf16
PRECISION_PREP cfm bf16
PRECISION_PREP vocoder bf16
[09/23/2026-02:35:50] [TRT] [W] Functionality provided through tensorrt.plugin module is experimental.
{"concurrency": 4, "wave": 1, "elapsed_s": 2.3732118643820286, "complete_eos": 4, "cancelled": 0, "memory": {"cuda_allocated_bytes": 11157604864, "cuda_reserved_bytes": 14040432640, "cuda_peak_allocated_bytes": 12113803776, "cuda_peak_reserved_bytes": 14138998784, "rss_bytes": 4149784576}}
{"concurrency": 4, "wave": 2, "elapsed_s": 4.610899847000837, "complete_eos": 8, "cancelled": 0, "memory": {"cuda_allocated_bytes": 11157604864, "cuda_reserved_bytes": 14040432640, "cuda_peak_allocated_bytes": 12113803776, "cuda_peak_reserved_bytes": 14138998784, "rss_bytes": 4149784576}}
{"concurrency": 4, "wave": 3, "elapsed_s": 6.804900394752622, "complete_eos": 11, "cancelled": 1, "memory": {"cuda_allocated_bytes": 11157604864, "cuda_reserved_bytes": 14040432640, "cuda_peak_allocated_bytes": 12113803776, "cuda_peak_reserved_bytes": 14138998784, "rss_bytes": 4149784576}}
{"concurrency": 4, "wave": 4, "elapsed_s": 9.57641769386828, "complete_eos": 15, "cancelled": 1, "memory": {"cuda_allocated_bytes": 11157604864, "cuda_reserved_bytes": 14040432640, "cuda_peak_allocated_bytes": 12113803776, "cuda_peak_reserved_bytes": 14138998784, "rss_bytes": 4149784576}}
{"concurrency": 4, "wave": 5, "elapsed_s": 12.629195734858513, "complete_eos": 19, "cancelled": 1, "memory": {"cuda_allocated_bytes": 11157604864, "cuda_reserved_bytes": 14040432640, "cuda_peak_allocated_bytes": 12113803776, "cuda_peak_reserved_bytes": 14138998784, "rss_bytes": 4149784576}}
{"concurrency": 4, "wave": 6, "elapsed_s": 14.664639377966523, "complete_eos": 22, "cancelled": 2, "memory": {"cuda_allocated_bytes": 11157604864, "cuda_reserved_bytes": 14040432640, "cuda_peak_allocated_bytes": 12113803776, "cuda_peak_reserved_bytes": 14138998784, "rss_bytes": 4149784576}}
{"concurrency": 4, "wave": 7, "elapsed_s": 18.255416702479124, "complete_eos": 26, "cancelled": 2, "memory": {"cuda_allocated_bytes": 11157604864, "cuda_reserved_bytes": 14040432640, "cuda_peak_allocated_bytes": 12113803776, "cuda_peak_reserved_bytes": 14138998784, "rss_bytes": 4149796864}}
{"concurrency": 4, "wave": 8, "elapsed_s": 21.32696749456227, "complete_eos": 30, "cancelled": 2, "memory": {"cuda_allocated_bytes": 11157604864, "cuda_reserved_bytes": 14040432640, "cuda_peak_allocated_bytes": 12113803776, "cuda_peak_reserved_bytes": 14138998784, "rss_bytes": 4149932032}}
{"concurrency": 4, "wave": 9, "elapsed_s": 23.44629735685885, "complete_eos": 33, "cancelled": 3, "memory": {"cuda_allocated_bytes": 11157604864, "cuda_reserved_bytes": 14040432640, "cuda_peak_allocated_bytes": 12113803776, "cuda_peak_reserved_bytes": 14138998784, "rss_bytes": 4149936128}}
{"concurrency": 4, "wave": 10, "elapsed_s": 25.436750622466207, "complete_eos": 37, "cancelled": 3, "memory": {"cuda_allocated_bytes": 11157604864, "cuda_reserved_bytes": 14040432640, "cuda_peak_allocated_bytes": 12113803776, "cuda_peak_reserved_bytes": 14138998784, "rss_bytes": 4149936128}}
{"concurrency": 4, "wave": 11, "elapsed_s": 27.09335152246058, "complete_eos": 40, "cancelled": 4, "memory": {"cuda_allocated_bytes": 11157604864, "cuda_reserved_bytes": 14040432640, "cuda_peak_allocated_bytes": 12113803776, "cuda_peak_reserved_bytes": 14138998784, "rss_bytes": 4149936128}}
{"concurrency": 4, "wave": 12, "elapsed_s": 29.158150790259242, "complete_eos": 44, "cancelled": 4, "memory": {"cuda_allocated_bytes": 11157604864, "cuda_reserved_bytes": 14040432640, "cuda_peak_allocated_bytes": 12113803776, "cuda_peak_reserved_bytes": 14138998784, "rss_bytes": 4150280192}}
{"concurrency": 4, "wave": 13, "elapsed_s": 31.691839521750808, "complete_eos": 48, "cancelled": 4, "memory": {"cuda_allocated_bytes": 11157604864, "cuda_reserved_bytes": 14040432640, "cuda_peak_allocated_bytes": 12113803776, "cuda_peak_reserved_bytes": 14138998784, "rss_bytes": 4150415360}}
{"concurrency": 4, "wave": 14, "elapsed_s": 33.731283739209175, "complete_eos": 51, "cancelled": 5, "memory": {"cuda_allocated_bytes": 11157604864, "cuda_reserved_bytes": 14040432640, "cuda_peak_allocated_bytes": 12113803776, "cuda_peak_reserved_bytes": 14138998784, "rss_bytes": 4150415360}}
{"concurrency": 4, "wave": 15, "elapsed_s": 35.888945473358035, "complete_eos": 55, "cancelled": 5, "memory": {"cuda_allocated_bytes": 11157604864, "cuda_reserved_bytes": 14040432640, "cuda_peak_allocated_bytes": 12113803776, "cuda_peak_reserved_bytes": 14138998784, "rss_bytes": 4150415360}}
{"concurrency": 4, "wave": 16, "elapsed_s": 37.959545597434044, "complete_eos": 59, "cancelled": 5, "memory": {"cuda_allocated_bytes": 11157604864, "cuda_reserved_bytes": 14040432640, "cuda_peak_allocated_bytes": 12113803776, "cuda_peak_reserved_bytes": 14138998784, "rss_bytes": 4150415360}}
{"concurrency": 4, "wave": 17, "elapsed_s": 39.781953137367964, "complete_eos": 62, "cancelled": 6, "memory": {"cuda_allocated_bytes": 11157604864, "cuda_reserved_bytes": 14040432640, "cuda_peak_allocated_bytes": 12113803776, "cuda_peak_reserved_bytes": 14138998784, "rss_bytes": 4150415360}}
{"concurrency": 4, "wave": 18, "elapsed_s": 42.02717214822769, "complete_eos": 66, "cancelled": 6, "memory": {"cuda_allocated_bytes": 11157604864, "cuda_reserved_bytes": 14040432640, "cuda_peak_allocated_bytes": 12113803776, "cuda_peak_reserved_bytes": 14138998784, "rss_bytes": 4150448128}}
{"concurrency": 4, "wave": 19, "elapsed_s": 44.31620121747255, "complete_eos": 70, "cancelled": 6, "memory": {"cuda_allocated_bytes": 11157604864, "cuda_reserved_bytes": 14040432640, "cuda_peak_allocated_bytes": 12113803776, "cuda_peak_reserved_bytes": 14138998784, "rss_bytes": 4150763520}}
{"concurrency": 4, "wave": 20, "elapsed_s": 46.10349576175213, "complete_eos": 73, "cancelled": 7, "memory": {"cuda_allocated_bytes": 11157604864, "cuda_reserved_bytes": 14040432640, "cuda_peak_allocated_bytes": 12113803776, "cuda_peak_reserved_bytes": 14138998784, "rss_bytes": 4150763520}}
{"concurrency": 4, "wave": 21, "elapsed_s": 48.34826469793916, "complete_eos": 77, "cancelled": 7, "memory": {"cuda_allocated_bytes": 11157604864, "cuda_reserved_bytes": 14040432640, "cuda_peak_allocated_bytes": 12113803776, "cuda_peak_reserved_bytes": 14138998784, "rss_bytes": 4150763520}}
{"concurrency": 4, "wave": 22, "elapsed_s": 50.188815066590905, "complete_eos": 80, "cancelled": 8, "memory": {"cuda_allocated_bytes": 11157604864, "cuda_reserved_bytes": 14040432640, "cuda_peak_allocated_bytes": 12113803776, "cuda_peak_reserved_bytes": 14138998784, "rss_bytes": 4150763520}}
{"concurrency": 4, "wave": 23, "elapsed_s": 52.5894635822624, "complete_eos": 84, "cancelled": 8, "memory": {"cuda_allocated_bytes": 11157604864, "cuda_reserved_bytes": 14040432640, "cuda_peak_allocated_bytes": 12113803776, "cuda_peak_reserved_bytes": 14138998784, "rss_bytes": 4150951936}}
{"concurrency": 4, "wave": 24, "elapsed_s": 54.73759675770998, "complete_eos": 88, "cancelled": 8, "memory": {"cuda_allocated_bytes": 11157604864, "cuda_reserved_bytes": 14040432640, "cuda_peak_allocated_bytes": 12113803776, "cuda_peak_reserved_bytes": 14138998784, "rss_bytes": 4151152640}}
{"concurrency": 4, "wave": 25, "elapsed_s": 57.12250346690416, "complete_eos": 91, "cancelled": 9, "memory": {"cuda_allocated_bytes": 11157604864, "cuda_reserved_bytes": 14040432640, "cuda_peak_allocated_bytes": 12113803776, "cuda_peak_reserved_bytes": 14138998784, "rss_bytes": 4151152640}}
{"concurrency": 4, "wave": 26, "elapsed_s": 59.208390317857265, "complete_eos": 95, "cancelled": 9, "memory": {"cuda_allocated_bytes": 11157604864, "cuda_reserved_bytes": 14040432640, "cuda_peak_allocated_bytes": 12113803776, "cuda_peak_reserved_bytes": 14138998784, "rss_bytes": 4151402496}}
{"concurrency": 4, "wave": 27, "elapsed_s": 61.372158171609044, "complete_eos": 99, "cancelled": 9, "memory": {"cuda_allocated_bytes": 11157604864, "cuda_reserved_bytes": 14040432640, "cuda_peak_allocated_bytes": 12113803776, "cuda_peak_reserved_bytes": 14138998784, "rss_bytes": 4151402496}}
{"concurrency": 4, "wave": 28, "elapsed_s": 62.809459859505296, "complete_eos": 102, "cancelled": 10, "memory": {"cuda_allocated_bytes": 11157604864, "cuda_reserved_bytes": 14040432640, "cuda_peak_allocated_bytes": 12113803776, "cuda_peak_reserved_bytes": 14138998784, "rss_bytes": 4151402496}}
{"concurrency": 4, "wave": 29, "elapsed_s": 64.81735276803374, "complete_eos": 106, "cancelled": 10, "memory": {"cuda_allocated_bytes": 11157604864, "cuda_reserved_bytes": 14040432640, "cuda_peak_allocated_bytes": 12113803776, "cuda_peak_reserved_bytes": 14138998784, "rss_bytes": 4151496704}}
{"concurrency": 4, "wave": 30, "elapsed_s": 67.07521373778582, "complete_eos": 110, "cancelled": 10, "memory": {"cuda_allocated_bytes": 11157604864, "cuda_reserved_bytes": 14040432640, "cuda_peak_allocated_bytes": 12113803776, "cuda_peak_reserved_bytes": 14138998784, "rss_bytes": 4152131584}}
{"concurrency": 4, "wave": 31, "elapsed_s": 69.21474992111325, "complete_eos": 113, "cancelled": 11, "memory": {"cuda_allocated_bytes": 11157604864, "cuda_reserved_bytes": 14040432640, "cuda_peak_allocated_bytes": 12113803776, "cuda_peak_reserved_bytes": 14138998784, "rss_bytes": 4152131584}}
{"concurrency": 4, "wave": 32, "elapsed_s": 71.97160287201405, "complete_eos": 117, "cancelled": 11, "memory": {"cuda_allocated_bytes": 11157604864, "cuda_reserved_bytes": 14040432640, "cuda_peak_allocated_bytes": 12113803776, "cuda_peak_reserved_bytes": 14138998784, "rss_bytes": 4152131584}}
{"concurrency": 4, "wave": 33, "elapsed_s": 73.52233742550015, "complete_eos": 120, "cancelled": 12, "memory": {"cuda_allocated_bytes": 11157604864, "cuda_reserved_bytes": 14040432640, "cuda_peak_allocated_bytes": 12113803776, "cuda_peak_reserved_bytes": 14138998784, "rss_bytes": 4152131584}}
{"concurrency": 4, "wave": 34, "elapsed_s": 75.3201149739325, "complete_eos": 124, "cancelled": 12, "memory": {"cuda_allocated_bytes": 11157604864, "cuda_reserved_bytes": 14040432640, "cuda_peak_allocated_bytes": 12113803776, "cuda_peak_reserved_bytes": 14138998784, "rss_bytes": 4152131584}}
{"concurrency": 4, "wave": 35, "elapsed_s": 77.48824606835842, "complete_eos": 128, "cancelled": 12, "memory": {"cuda_allocated_bytes": 11157604864, "cuda_reserved_bytes": 14040432640, "cuda_peak_allocated_bytes": 12113803776, "cuda_peak_reserved_bytes": 14138998784, "rss_bytes": 4152131584}}
{"concurrency": 4, "wave": 36, "elapsed_s": 79.5607127379626, "complete_eos": 131, "cancelled": 13, "memory": {"cuda_allocated_bytes": 11157604864, "cuda_reserved_bytes": 14040432640, "cuda_peak_allocated_bytes": 12113803776, "cuda_peak_reserved_bytes": 14138998784, "rss_bytes": 4152131584}}
{"concurrency": 4, "wave": 37, "elapsed_s": 81.62763936817646, "complete_eos": 135, "cancelled": 13, "memory": {"cuda_allocated_bytes": 11157604864, "cuda_reserved_bytes": 14040432640, "cuda_peak_allocated_bytes": 12113803776, "cuda_peak_reserved_bytes": 14138998784, "rss_bytes": 4152131584}}
{"concurrency": 4, "wave": 38, "elapsed_s": 84.26389903016388, "complete_eos": 139, "cancelled": 13, "memory": {"cuda_allocated_bytes": 11157604864, "cuda_reserved_bytes": 14040432640, "cuda_peak_allocated_bytes": 12113803776, "cuda_peak_reserved_bytes": 14138998784, "rss_bytes": 4152131584}}
{"concurrency": 4, "wave": 39, "elapsed_s": 86.31521280668676, "complete_eos": 142, "cancelled": 14, "memory": {"cuda_allocated_bytes": 11157604864, "cuda_reserved_bytes": 14040432640, "cuda_peak_allocated_bytes": 12113803776, "cuda_peak_reserved_bytes": 14138998784, "rss_bytes": 4152131584}}
{"concurrency": 4, "wave": 40, "elapsed_s": 88.69279243983328, "complete_eos": 146, "cancelled": 14, "memory": {"cuda_allocated_bytes": 11157604864, "cuda_reserved_bytes": 14040432640, "cuda_peak_allocated_bytes": 12113803776, "cuda_peak_reserved_bytes": 14138998784, "rss_bytes": 4152598528}}
{"concurrency": 4, "wave": 41, "elapsed_s": 91.02922879904509, "complete_eos": 150, "cancelled": 14, "memory": {"cuda_allocated_bytes": 11157604864, "cuda_reserved_bytes": 14040432640, "cuda_peak_allocated_bytes": 12113803776, "cuda_peak_reserved_bytes": 14138998784, "rss_bytes": 4152598528}}
{"concurrency": 4, "wave": 42, "elapsed_s": 92.62559692002833, "complete_eos": 153, "cancelled": 15, "memory": {"cuda_allocated_bytes": 11157604864, "cuda_reserved_bytes": 14040432640, "cuda_peak_allocated_bytes": 12113803776, "cuda_peak_reserved_bytes": 14138998784, "rss_bytes": 4152598528}}
{"concurrency": 4, "wave": 43, "elapsed_s": 94.60890415683389, "complete_eos": 157, "cancelled": 15, "memory": {"cuda_allocated_bytes": 11157604864, "cuda_reserved_bytes": 14040432640, "cuda_peak_allocated_bytes": 12113803776, "cuda_peak_reserved_bytes": 14138998784, "rss_bytes": 4152598528}}
{"concurrency": 4, "wave": 44, "elapsed_s": 96.20031433179975, "complete_eos": 160, "cancelled": 16, "memory": {"cuda_allocated_bytes": 11157604864, "cuda_reserved_bytes": 14040432640, "cuda_peak_allocated_bytes": 12113803776, "cuda_peak_reserved_bytes": 14138998784, "rss_bytes": 4152598528}}
{"concurrency": 4, "wave": 45, "elapsed_s": 98.6350723952055, "complete_eos": 164, "cancelled": 16, "memory": {"cuda_allocated_bytes": 11157604864, "cuda_reserved_bytes": 14040432640, "cuda_peak_allocated_bytes": 12113803776, "cuda_peak_reserved_bytes": 14138998784, "rss_bytes": 4152598528}}
{"concurrency": 4, "wave": 46, "elapsed_s": 101.32075906172395, "complete_eos": 168, "cancelled": 16, "memory": {"cuda_allocated_bytes": 11157604864, "cuda_reserved_bytes": 14040432640, "cuda_peak_allocated_bytes": 12113803776, "cuda_peak_reserved_bytes": 14138998784, "rss_bytes": 4152606720}}
{"concurrency": 4, "wave": 47, "elapsed_s": 102.9746168460697, "complete_eos": 171, "cancelled": 17, "memory": {"cuda_allocated_bytes": 11157604864, "cuda_reserved_bytes": 14040432640, "cuda_peak_allocated_bytes": 12113803776, "cuda_peak_reserved_bytes": 14138998784, "rss_bytes": 4152606720}}
{"concurrency": 4, "wave": 48, "elapsed_s": 105.30335961841047, "complete_eos": 175, "cancelled": 17, "memory": {"cuda_allocated_bytes": 11157604864, "cuda_reserved_bytes": 14040432640, "cuda_peak_allocated_bytes": 12113803776, "cuda_peak_reserved_bytes": 14138998784, "rss_bytes": 4152606720}}
{"concurrency": 4, "wave": 49, "elapsed_s": 107.4310434833169, "complete_eos": 179, "cancelled": 17, "memory": {"cuda_allocated_bytes": 11157604864, "cuda_reserved_bytes": 14040432640, "cuda_peak_allocated_bytes": 12113803776, "cuda_peak_reserved_bytes": 14138998784, "rss_bytes": 4152606720}}
{"concurrency": 4, "wave": 50, "elapsed_s": 109.02082845568657, "complete_eos": 182, "cancelled": 18, "memory": {"cuda_allocated_bytes": 11157604864, "cuda_reserved_bytes": 14040432640, "cuda_peak_allocated_bytes": 12113803776, "cuda_peak_reserved_bytes": 14138998784, "rss_bytes": 4152606720}}
{"concurrency": 4, "wave": 51, "elapsed_s": 111.05431213416159, "complete_eos": 186, "cancelled": 18, "memory": {"cuda_allocated_bytes": 11157604864, "cuda_reserved_bytes": 14040432640, "cuda_peak_allocated_bytes": 12113803776, "cuda_peak_reserved_bytes": 14138998784, "rss_bytes": 4152606720}}
{"concurrency": 4, "wave": 52, "elapsed_s": 113.28318679332733, "complete_eos": 190, "cancelled": 18, "memory": {"cuda_allocated_bytes": 11157604864, "cuda_reserved_bytes": 14040432640, "cuda_peak_allocated_bytes": 12113803776, "cuda_peak_reserved_bytes": 14138998784, "rss_bytes": 4152606720}}
{"concurrency": 4, "wave": 53, "elapsed_s": 115.4618174917996, "complete_eos": 193, "cancelled": 19, "memory": {"cuda_allocated_bytes": 11157604864, "cuda_reserved_bytes": 14040432640, "cuda_peak_allocated_bytes": 12113803776, "cuda_peak_reserved_bytes": 14138998784, "rss_bytes": 4152606720}}
{"concurrency": 4, "wave": 54, "elapsed_s": 117.10476586036384, "complete_eos": 197, "cancelled": 19, "memory": {"cuda_allocated_bytes": 11157604864, "cuda_reserved_bytes": 14040432640, "cuda_peak_allocated_bytes": 12113803776, "cuda_peak_reserved_bytes": 14138998784, "rss_bytes": 4152741888}}
{"concurrency": 4, "wave": 55, "elapsed_s": 119.61330874450505, "complete_eos": 200, "cancelled": 20, "memory": {"cuda_allocated_bytes": 11157604864, "cuda_reserved_bytes": 14040432640, "cuda_peak_allocated_bytes": 12113803776, "cuda_peak_reserved_bytes": 14138998784, "rss_bytes": 4153376768}}
{"concurrency": 4, "wave": 56, "elapsed_s": 121.7164959628135, "complete_eos": 204, "cancelled": 20, "memory": {"cuda_allocated_bytes": 11157604864, "cuda_reserved_bytes": 14040432640, "cuda_peak_allocated_bytes": 12113803776, "cuda_peak_reserved_bytes": 14138998784, "rss_bytes": 4153380864}}
{"concurrency": 4, "wave": 57, "elapsed_s": 124.26867603324354, "complete_eos": 208, "cancelled": 20, "memory": {"cuda_allocated_bytes": 11157604864, "cuda_reserved_bytes": 14040432640, "cuda_peak_allocated_bytes": 12113803776, "cuda_peak_reserved_bytes": 14138998784, "rss_bytes": 4153380864}}
{"concurrency": 4, "wave": 58, "elapsed_s": 126.36120440252125, "complete_eos": 211, "cancelled": 21, "memory": {"cuda_allocated_bytes": 11157604864, "cuda_reserved_bytes": 14040432640, "cuda_peak_allocated_bytes": 12113803776, "cuda_peak_reserved_bytes": 14138998784, "rss_bytes": 4153380864}}
{"concurrency": 4, "wave": 59, "elapsed_s": 129.04171211831272, "complete_eos": 215, "cancelled": 21, "memory": {"cuda_allocated_bytes": 11157604864, "cuda_reserved_bytes": 14040432640, "cuda_peak_allocated_bytes": 12113803776, "cuda_peak_reserved_bytes": 14138998784, "rss_bytes": 4153393152}}
{"concurrency": 4, "wave": 60, "elapsed_s": 132.27252895198762, "complete_eos": 219, "cancelled": 21, "memory": {"cuda_allocated_bytes": 11157604864, "cuda_reserved_bytes": 14040432640, "cuda_peak_allocated_bytes": 12113803776, "cuda_peak_reserved_bytes": 14138998784, "rss_bytes": 4154261504}}
{"concurrency": 4, "wave": 61, "elapsed_s": 134.54707151465118, "complete_eos": 222, "cancelled": 22, "memory": {"cuda_allocated_bytes": 11157604864, "cuda_reserved_bytes": 14040432640, "cuda_peak_allocated_bytes": 12113803776, "cuda_peak_reserved_bytes": 14138998784, "rss_bytes": 4154261504}}
{"concurrency": 4, "wave": 62, "elapsed_s": 136.91246396675706, "complete_eos": 226, "cancelled": 22, "memory": {"cuda_allocated_bytes": 11157604864, "cuda_reserved_bytes": 14040432640, "cuda_peak_allocated_bytes": 12113803776, "cuda_peak_reserved_bytes": 14138998784, "rss_bytes": 4154261504}}
{"concurrency": 4, "wave": 63, "elapsed_s": 139.56394698098302, "complete_eos": 230, "cancelled": 22, "memory": {"cuda_allocated_bytes": 11157604864, "cuda_reserved_bytes": 14040432640, "cuda_peak_allocated_bytes": 12113803776, "cuda_peak_reserved_bytes": 14138998784, "rss_bytes": 4154261504}}
{"concurrency": 4, "wave": 64, "elapsed_s": 141.67277349717915, "complete_eos": 233, "cancelled": 23, "memory": {"cuda_allocated_bytes": 11157604864, "cuda_reserved_bytes": 14040432640, "cuda_peak_allocated_bytes": 12113803776, "cuda_peak_reserved_bytes": 14138998784, "rss_bytes": 4154261504}}
{"concurrency": 4, "wave": 65, "elapsed_s": 144.12514986097813, "complete_eos": 237, "cancelled": 23, "memory": {"cuda_allocated_bytes": 11157604864, "cuda_reserved_bytes": 14040432640, "cuda_peak_allocated_bytes": 12113803776, "cuda_peak_reserved_bytes": 14138998784, "rss_bytes": 4154261504}}
{"concurrency": 4, "wave": 66, "elapsed_s": 146.29099329002202, "complete_eos": 240, "cancelled": 24, "memory": {"cuda_allocated_bytes": 11157604864, "cuda_reserved_bytes": 14040432640, "cuda_peak_allocated_bytes": 12113803776, "cuda_peak_reserved_bytes": 14138998784, "rss_bytes": 4154261504}}
{"concurrency": 4, "wave": 67, "elapsed_s": 148.70376728102565, "complete_eos": 244, "cancelled": 24, "memory": {"cuda_allocated_bytes": 11157604864, "cuda_reserved_bytes": 14040432640, "cuda_peak_allocated_bytes": 12113803776, "cuda_peak_reserved_bytes": 14138998784, "rss_bytes": 4154261504}}
{"concurrency": 4, "wave": 68, "elapsed_s": 151.3384037669748, "complete_eos": 248, "cancelled": 24, "memory": {"cuda_allocated_bytes": 11157604864, "cuda_reserved_bytes": 14040432640, "cuda_peak_allocated_bytes": 12113803776, "cuda_peak_reserved_bytes": 14138998784, "rss_bytes": 4154261504}}
{"concurrency": 4, "wave": 69, "elapsed_s": 154.14716084674, "complete_eos": 251, "cancelled": 25, "memory": {"cuda_allocated_bytes": 11157604864, "cuda_reserved_bytes": 14040432640, "cuda_peak_allocated_bytes": 12113803776, "cuda_peak_reserved_bytes": 14138998784, "rss_bytes": 4154261504}}
{"concurrency": 4, "wave": 70, "elapsed_s": 156.57732256874442, "complete_eos": 255, "cancelled": 25, "memory": {"cuda_allocated_bytes": 11157604864, "cuda_reserved_bytes": 14040432640, "cuda_peak_allocated_bytes": 12113803776, "cuda_peak_reserved_bytes": 14138998784, "rss_bytes": 4154261504}}
{"concurrency": 4, "wave": 71, "elapsed_s": 159.22356624528766, "complete_eos": 259, "cancelled": 25, "memory": {"cuda_allocated_bytes": 11157604864, "cuda_reserved_bytes": 14040432640, "cuda_peak_allocated_bytes": 12113803776, "cuda_peak_reserved_bytes": 14138998784, "rss_bytes": 4154261504}}
{"concurrency": 4, "wave": 72, "elapsed_s": 161.6295303106308, "complete_eos": 262, "cancelled": 26, "memory": {"cuda_allocated_bytes": 11157604864, "cuda_reserved_bytes": 14040432640, "cuda_peak_allocated_bytes": 12113803776, "cuda_peak_reserved_bytes": 14138998784, "rss_bytes": 4154261504}}
{"concurrency": 4, "wave": 73, "elapsed_s": 163.2792209982872, "complete_eos": 266, "cancelled": 26, "memory": {"cuda_allocated_bytes": 11157604864, "cuda_reserved_bytes": 14040432640, "cuda_peak_allocated_bytes": 12113803776, "cuda_peak_reserved_bytes": 14138998784, "rss_bytes": 4154261504}}
{"concurrency": 4, "wave": 74, "elapsed_s": 165.42382663674653, "complete_eos": 270, "cancelled": 26, "memory": {"cuda_allocated_bytes": 11157604864, "cuda_reserved_bytes": 14040432640, "cuda_peak_allocated_bytes": 12113803776, "cuda_peak_reserved_bytes": 14138998784, "rss_bytes": 4154261504}}
{"concurrency": 4, "wave": 75, "elapsed_s": 167.1984393093735, "complete_eos": 273, "cancelled": 27, "memory": {"cuda_allocated_bytes": 11157604864, "cuda_reserved_bytes": 14040432640, "cuda_peak_allocated_bytes": 12113803776, "cuda_peak_reserved_bytes": 14138998784, "rss_bytes": 4154261504}}
{"concurrency": 4, "wave": 76, "elapsed_s": 170.4410250298679, "complete_eos": 277, "cancelled": 27, "memory": {"cuda_allocated_bytes": 11157604864, "cuda_reserved_bytes": 14040432640, "cuda_peak_allocated_bytes": 12113803776, "cuda_peak_reserved_bytes": 14138998784, "rss_bytes": 4154261504}}
{"concurrency": 4, "wave": 77, "elapsed_s": 172.2156283967197, "complete_eos": 280, "cancelled": 28, "memory": {"cuda_allocated_bytes": 11157604864, "cuda_reserved_bytes": 14040432640, "cuda_peak_allocated_bytes": 12113803776, "cuda_peak_reserved_bytes": 14138998784, "rss_bytes": 4154261504}}
{"concurrency": 4, "wave": 78, "elapsed_s": 174.55701789073646, "complete_eos": 284, "cancelled": 28, "memory": {"cuda_allocated_bytes": 11157604864, "cuda_reserved_bytes": 14040432640, "cuda_peak_allocated_bytes": 12113803776, "cuda_peak_reserved_bytes": 14138998784, "rss_bytes": 4154261504}}
{"concurrency": 4, "wave": 79, "elapsed_s": 177.18815870583057, "complete_eos": 288, "cancelled": 28, "memory": {"cuda_allocated_bytes": 11157604864, "cuda_reserved_bytes": 14040432640, "cuda_peak_allocated_bytes": 12113803776, "cuda_peak_reserved_bytes": 14138998784, "rss_bytes": 4154261504}}
{"concurrency": 4, "wave": 80, "elapsed_s": 179.1041168384254, "complete_eos": 291, "cancelled": 29, "memory": {"cuda_allocated_bytes": 11157604864, "cuda_reserved_bytes": 14040432640, "cuda_peak_allocated_bytes": 12113803776, "cuda_peak_reserved_bytes": 14138998784, "rss_bytes": 4154507264}}
{"concurrency": 4, "wave": 81, "elapsed_s": 180.92792495898902, "complete_eos": 295, "cancelled": 29, "memory": {"cuda_allocated_bytes": 11157604864, "cuda_reserved_bytes": 14040432640, "cuda_peak_allocated_bytes": 12113803776, "cuda_peak_reserved_bytes": 14138998784, "rss_bytes": 4154560512}}
{"concurrency": 4, "wave": 82, "elapsed_s": 183.40910425968468, "complete_eos": 299, "cancelled": 29, "memory": {"cuda_allocated_bytes": 11157604864, "cuda_reserved_bytes": 14040432640, "cuda_peak_allocated_bytes": 12113803776, "cuda_peak_reserved_bytes": 14138998784, "rss_bytes": 4154630144}}
{"concurrency": 4, "wave": 83, "elapsed_s": 185.1473428271711, "complete_eos": 302, "cancelled": 30, "memory": {"cuda_allocated_bytes": 11157604864, "cuda_reserved_bytes": 14040432640, "cuda_peak_allocated_bytes": 12113803776, "cuda_peak_reserved_bytes": 14138998784, "rss_bytes": 4154630144}}
{"concurrency": 4, "wave": 84, "elapsed_s": 187.03536184318364, "complete_eos": 306, "cancelled": 30, "memory": {"cuda_allocated_bytes": 11157604864, "cuda_reserved_bytes": 14040432640, "cuda_peak_allocated_bytes": 12113803776, "cuda_peak_reserved_bytes": 14138998784, "rss_bytes": 4154630144}}
{"concurrency": 4, "wave": 85, "elapsed_s": 189.88031553290784, "complete_eos": 310, "cancelled": 30, "memory": {"cuda_allocated_bytes": 11157604864, "cuda_reserved_bytes": 14040432640, "cuda_peak_allocated_bytes": 12113803776, "cuda_peak_reserved_bytes": 14138998784, "rss_bytes": 4154744832}}
{"concurrency": 4, "wave": 86, "elapsed_s": 191.9915307983756, "complete_eos": 313, "cancelled": 31, "memory": {"cuda_allocated_bytes": 11157604864, "cuda_reserved_bytes": 14040432640, "cuda_peak_allocated_bytes": 12113803776, "cuda_peak_reserved_bytes": 14138998784, "rss_bytes": 4154744832}}
{"concurrency": 4, "wave": 87, "elapsed_s": 194.5848893672228, "complete_eos": 317, "cancelled": 31, "memory": {"cuda_allocated_bytes": 11157604864, "cuda_reserved_bytes": 14040432640, "cuda_peak_allocated_bytes": 12113803776, "cuda_peak_reserved_bytes": 14138998784, "rss_bytes": 4154744832}}
{"concurrency": 4, "wave": 88, "elapsed_s": 196.93394981138408, "complete_eos": 320, "cancelled": 32, "memory": {"cuda_allocated_bytes": 11157604864, "cuda_reserved_bytes": 14040432640, "cuda_peak_allocated_bytes": 12113803776, "cuda_peak_reserved_bytes": 14138998784, "rss_bytes": 4155035648}}
{"concurrency": 4, "wave": 89, "elapsed_s": 199.73373940214515, "complete_eos": 324, "cancelled": 32, "memory": {"cuda_allocated_bytes": 11157604864, "cuda_reserved_bytes": 14040432640, "cuda_peak_allocated_bytes": 12113803776, "cuda_peak_reserved_bytes": 14138998784, "rss_bytes": 4155035648}}
{"concurrency": 4, "wave": 90, "elapsed_s": 201.98022139072418, "complete_eos": 328, "cancelled": 32, "memory": {"cuda_allocated_bytes": 11157604864, "cuda_reserved_bytes": 14040432640, "cuda_peak_allocated_bytes": 12113803776, "cuda_peak_reserved_bytes": 14138998784, "rss_bytes": 4155035648}}
{"concurrency": 4, "wave": 91, "elapsed_s": 204.0557805225253, "complete_eos": 331, "cancelled": 33, "memory": {"cuda_allocated_bytes": 11157604864, "cuda_reserved_bytes": 14040432640, "cuda_peak_allocated_bytes": 12113803776, "cuda_peak_reserved_bytes": 14138998784, "rss_bytes": 4155035648}}
{"concurrency": 4, "wave": 92, "elapsed_s": 206.67586243338883, "complete_eos": 335, "cancelled": 33, "memory": {"cuda_allocated_bytes": 11157604864, "cuda_reserved_bytes": 14040432640, "cuda_peak_allocated_bytes": 12113803776, "cuda_peak_reserved_bytes": 14138998784, "rss_bytes": 4155604992}}
{"concurrency": 4, "wave": 93, "elapsed_s": 208.7071027457714, "complete_eos": 339, "cancelled": 33, "memory": {"cuda_allocated_bytes": 11157604864, "cuda_reserved_bytes": 14040432640, "cuda_peak_allocated_bytes": 12113803776, "cuda_peak_reserved_bytes": 14138998784, "rss_bytes": 4155604992}}
{"concurrency": 4, "wave": 94, "elapsed_s": 210.8683882970363, "complete_eos": 342, "cancelled": 34, "memory": {"cuda_allocated_bytes": 11157604864, "cuda_reserved_bytes": 14040432640, "cuda_peak_allocated_bytes": 12113803776, "cuda_peak_reserved_bytes": 14138998784, "rss_bytes": 4156076032}}
{"concurrency": 4, "wave": 95, "elapsed_s": 213.762137202546, "complete_eos": 346, "cancelled": 34, "memory": {"cuda_allocated_bytes": 11157604864, "cuda_reserved_bytes": 14040432640, "cuda_peak_allocated_bytes": 12113803776, "cuda_peak_reserved_bytes": 14138998784, "rss_bytes": 4156076032}}
{"concurrency": 4, "wave": 96, "elapsed_s": 216.43130101822317, "complete_eos": 350, "cancelled": 34, "memory": {"cuda_allocated_bytes": 11157604864, "cuda_reserved_bytes": 14040432640, "cuda_peak_allocated_bytes": 12113803776, "cuda_peak_reserved_bytes": 14138998784, "rss_bytes": 4156080128}}
{"concurrency": 4, "wave": 97, "elapsed_s": 219.1610386148095, "complete_eos": 353, "cancelled": 35, "memory": {"cuda_allocated_bytes": 11157604864, "cuda_reserved_bytes": 14040432640, "cuda_peak_allocated_bytes": 12113803776, "cuda_peak_reserved_bytes": 14138998784, "rss_bytes": 4156080128}}
{"concurrency": 4, "wave": 98, "elapsed_s": 221.40741990692914, "complete_eos": 357, "cancelled": 35, "memory": {"cuda_allocated_bytes": 11157604864, "cuda_reserved_bytes": 14040432640, "cuda_peak_allocated_bytes": 12113803776, "cuda_peak_reserved_bytes": 14138998784, "rss_bytes": 4156080128}}
{"concurrency": 4, "wave": 99, "elapsed_s": 223.65511466003954, "complete_eos": 360, "cancelled": 36, "memory": {"cuda_allocated_bytes": 11157604864, "cuda_reserved_bytes": 14040432640, "cuda_peak_allocated_bytes": 12113803776, "cuda_peak_reserved_bytes": 14138998784, "rss_bytes": 4156080128}}
{"concurrency": 4, "wave": 100, "elapsed_s": 226.6515573039651, "complete_eos": 364, "cancelled": 36, "memory": {"cuda_allocated_bytes": 11157604864, "cuda_reserved_bytes": 14040432640, "cuda_peak_allocated_bytes": 12113803776, "cuda_peak_reserved_bytes": 14138998784, "rss_bytes": 4156100608}}
{"concurrency": 4, "wave": 101, "elapsed_s": 229.3737772218883, "complete_eos": 368, "cancelled": 36, "memory": {"cuda_allocated_bytes": 11157604864, "cuda_reserved_bytes": 14040432640, "cuda_peak_allocated_bytes": 12113803776, "cuda_peak_reserved_bytes": 14138998784, "rss_bytes": 4156100608}}
{"concurrency": 4, "wave": 102, "elapsed_s": 231.6358318068087, "complete_eos": 371, "cancelled": 37, "memory": {"cuda_allocated_bytes": 11157604864, "cuda_reserved_bytes": 14040432640, "cuda_peak_allocated_bytes": 12113803776, "cuda_peak_reserved_bytes": 14138998784, "rss_bytes": 4156100608}}
{"concurrency": 4, "wave": 103, "elapsed_s": 234.0574366338551, "complete_eos": 375, "cancelled": 37, "memory": {"cuda_allocated_bytes": 11157604864, "cuda_reserved_bytes": 14040432640, "cuda_peak_allocated_bytes": 12113803776, "cuda_peak_reserved_bytes": 14138998784, "rss_bytes": 4156104704}}
{"concurrency": 4, "wave": 104, "elapsed_s": 236.29320870153606, "complete_eos": 379, "cancelled": 37, "memory": {"cuda_allocated_bytes": 11157604864, "cuda_reserved_bytes": 14040432640, "cuda_peak_allocated_bytes": 12113803776, "cuda_peak_reserved_bytes": 14138998784, "rss_bytes": 4156162048}}
{"concurrency": 4, "wave": 105, "elapsed_s": 238.7663252223283, "complete_eos": 382, "cancelled": 38, "memory": {"cuda_allocated_bytes": 11157604864, "cuda_reserved_bytes": 14040432640, "cuda_peak_allocated_bytes": 12113803776, "cuda_peak_reserved_bytes": 14138998784, "rss_bytes": 4156162048}}
{"concurrency": 4, "wave": 106, "elapsed_s": 240.8445251788944, "complete_eos": 386, "cancelled": 38, "memory": {"cuda_allocated_bytes": 11157604864, "cuda_reserved_bytes": 14040432640, "cuda_peak_allocated_bytes": 12113803776, "cuda_peak_reserved_bytes": 14138998784, "rss_bytes": 4156162048}}
{"concurrency": 4, "wave": 107, "elapsed_s": 243.1891165729612, "complete_eos": 390, "cancelled": 38, "memory": {"cuda_allocated_bytes": 11157604864, "cuda_reserved_bytes": 14040432640, "cuda_peak_allocated_bytes": 12113803776, "cuda_peak_reserved_bytes": 14138998784, "rss_bytes": 4156162048}}
{"concurrency": 4, "wave": 108, "elapsed_s": 244.84318619966507, "complete_eos": 393, "cancelled": 39, "memory": {"cuda_allocated_bytes": 11157604864, "cuda_reserved_bytes": 14040432640, "cuda_peak_allocated_bytes": 12113803776, "cuda_peak_reserved_bytes": 14138998784, "rss_bytes": 4156162048}}
{"concurrency": 4, "wave": 109, "elapsed_s": 247.50532490760088, "complete_eos": 397, "cancelled": 39, "memory": {"cuda_allocated_bytes": 11157604864, "cuda_reserved_bytes": 14040432640, "cuda_peak_allocated_bytes": 12113803776, "cuda_peak_reserved_bytes": 14138998784, "rss_bytes": 4156162048}}
{"concurrency": 4, "wave": 110, "elapsed_s": 249.42548871971667, "complete_eos": 400, "cancelled": 40, "memory": {"cuda_allocated_bytes": 11157604864, "cuda_reserved_bytes": 14040432640, "cuda_peak_allocated_bytes": 12113803776, "cuda_peak_reserved_bytes": 14138998784, "rss_bytes": 4156162048}}
{"concurrency": 4, "wave": 111, "elapsed_s": 251.88273690082133, "complete_eos": 404, "cancelled": 40, "memory": {"cuda_allocated_bytes": 11157604864, "cuda_reserved_bytes": 14040432640, "cuda_peak_allocated_bytes": 12113803776, "cuda_peak_reserved_bytes": 14138998784, "rss_bytes": 4156162048}}
{"concurrency": 4, "wave": 112, "elapsed_s": 253.7489968687296, "complete_eos": 408, "cancelled": 40, "memory": {"cuda_allocated_bytes": 11157604864, "cuda_reserved_bytes": 14040432640, "cuda_peak_allocated_bytes": 12113803776, "cuda_peak_reserved_bytes": 14138998784, "rss_bytes": 4156162048}}
{"concurrency": 4, "wave": 113, "elapsed_s": 255.84672199189663, "complete_eos": 411, "cancelled": 41, "memory": {"cuda_allocated_bytes": 11157604864, "cuda_reserved_bytes": 14040432640, "cuda_peak_allocated_bytes": 12113803776, "cuda_peak_reserved_bytes": 14138998784, "rss_bytes": 4156162048}}
{"concurrency": 4, "wave": 114, "elapsed_s": 257.6699117273092, "complete_eos": 415, "cancelled": 41, "memory": {"cuda_allocated_bytes": 11157604864, "cuda_reserved_bytes": 14040432640, "cuda_peak_allocated_bytes": 12113803776, "cuda_peak_reserved_bytes": 14138998784, "rss_bytes": 4156346368}}
{"concurrency": 4, "wave": 115, "elapsed_s": 259.655981734395, "complete_eos": 419, "cancelled": 41, "memory": {"cuda_allocated_bytes": 11157604864, "cuda_reserved_bytes": 14040432640, "cuda_peak_allocated_bytes": 12113803776, "cuda_peak_reserved_bytes": 14138998784, "rss_bytes": 4156346368}}
{"concurrency": 4, "wave": 116, "elapsed_s": 261.7972874082625, "complete_eos": 422, "cancelled": 42, "memory": {"cuda_allocated_bytes": 11157604864, "cuda_reserved_bytes": 14040432640, "cuda_peak_allocated_bytes": 12113803776, "cuda_peak_reserved_bytes": 14138998784, "rss_bytes": 4156362752}}
{"concurrency": 4, "wave": 117, "elapsed_s": 263.9331098496914, "complete_eos": 426, "cancelled": 42, "memory": {"cuda_allocated_bytes": 11157604864, "cuda_reserved_bytes": 14040432640, "cuda_peak_allocated_bytes": 12113803776, "cuda_peak_reserved_bytes": 14138998784, "rss_bytes": 4156362752}}
{"concurrency": 4, "wave": 118, "elapsed_s": 265.8865497689694, "complete_eos": 430, "cancelled": 42, "memory": {"cuda_allocated_bytes": 11157604864, "cuda_reserved_bytes": 14040432640, "cuda_peak_allocated_bytes": 12113803776, "cuda_peak_reserved_bytes": 14138998784, "rss_bytes": 4156362752}}
{"concurrency": 4, "wave": 119, "elapsed_s": 268.2434980645776, "complete_eos": 433, "cancelled": 43, "memory": {"cuda_allocated_bytes": 11157604864, "cuda_reserved_bytes": 14040432640, "cuda_peak_allocated_bytes": 12113803776, "cuda_peak_reserved_bytes": 14138998784, "rss_bytes": 4156362752}}
{"concurrency": 4, "wave": 120, "elapsed_s": 270.45268885977566, "complete_eos": 437, "cancelled": 43, "memory": {"cuda_allocated_bytes": 11157604864, "cuda_reserved_bytes": 14040432640, "cuda_peak_allocated_bytes": 12113803776, "cuda_peak_reserved_bytes": 14138998784, "rss_bytes": 4156624896}}
{"concurrency": 4, "wave": 121, "elapsed_s": 271.99699105508626, "complete_eos": 440, "cancelled": 44, "memory": {"cuda_allocated_bytes": 11157604864, "cuda_reserved_bytes": 14040432640, "cuda_peak_allocated_bytes": 12113803776, "cuda_peak_reserved_bytes": 14138998784, "rss_bytes": 4156624896}}
{"concurrency": 4, "wave": 122, "elapsed_s": 273.88725534267724, "complete_eos": 444, "cancelled": 44, "memory": {"cuda_allocated_bytes": 11157604864, "cuda_reserved_bytes": 14040432640, "cuda_peak_allocated_bytes": 12113803776, "cuda_peak_reserved_bytes": 14138998784, "rss_bytes": 4156624896}}
{"concurrency": 4, "wave": 123, "elapsed_s": 276.2845356464386, "complete_eos": 448, "cancelled": 44, "memory": {"cuda_allocated_bytes": 11157604864, "cuda_reserved_bytes": 14040432640, "cuda_peak_allocated_bytes": 12113803776, "cuda_peak_reserved_bytes": 14138998784, "rss_bytes": 4156637184}}
{"concurrency": 4, "wave": 124, "elapsed_s": 278.11961202695966, "complete_eos": 451, "cancelled": 45, "memory": {"cuda_allocated_bytes": 11157604864, "cuda_reserved_bytes": 14040432640, "cuda_peak_allocated_bytes": 12113803776, "cuda_peak_reserved_bytes": 14138998784, "rss_bytes": 4157947904}}
{"concurrency": 4, "wave": 125, "elapsed_s": 280.2172303646803, "complete_eos": 455, "cancelled": 45, "memory": {"cuda_allocated_bytes": 11157604864, "cuda_reserved_bytes": 14040432640, "cuda_peak_allocated_bytes": 12113803776, "cuda_peak_reserved_bytes": 14138998784, "rss_bytes": 4157947904}}
{"concurrency": 4, "wave": 126, "elapsed_s": 282.1376095302403, "complete_eos": 459, "cancelled": 45, "memory": {"cuda_allocated_bytes": 11157604864, "cuda_reserved_bytes": 14040432640, "cuda_peak_allocated_bytes": 12113803776, "cuda_peak_reserved_bytes": 14138998784, "rss_bytes": 4157947904}}
{"concurrency": 4, "wave": 127, "elapsed_s": 284.5814560241997, "complete_eos": 462, "cancelled": 46, "memory": {"cuda_allocated_bytes": 11157604864, "cuda_reserved_bytes": 14040432640, "cuda_peak_allocated_bytes": 12113803776, "cuda_peak_reserved_bytes": 14138998784, "rss_bytes": 4157947904}}
{"concurrency": 4, "wave": 128, "elapsed_s": 286.92741399258375, "complete_eos": 466, "cancelled": 46, "memory": {"cuda_allocated_bytes": 11157604864, "cuda_reserved_bytes": 14040432640, "cuda_peak_allocated_bytes": 12113803776, "cuda_peak_reserved_bytes": 14138998784, "rss_bytes": 4157947904}}
{"concurrency": 4, "wave": 129, "elapsed_s": 289.118816267699, "complete_eos": 470, "cancelled": 46, "memory": {"cuda_allocated_bytes": 11157604864, "cuda_reserved_bytes": 14040432640, "cuda_peak_allocated_bytes": 12113803776, "cuda_peak_reserved_bytes": 14138998784, "rss_bytes": 4157947904}}
{"concurrency": 4, "wave": 130, "elapsed_s": 290.79812469519675, "complete_eos": 473, "cancelled": 47, "memory": {"cuda_allocated_bytes": 11157604864, "cuda_reserved_bytes": 14040432640, "cuda_peak_allocated_bytes": 12113803776, "cuda_peak_reserved_bytes": 14138998784, "rss_bytes": 4157947904}}
{"concurrency": 4, "wave": 131, "elapsed_s": 292.876688124612, "complete_eos": 477, "cancelled": 47, "memory": {"cuda_allocated_bytes": 11157604864, "cuda_reserved_bytes": 14040432640, "cuda_peak_allocated_bytes": 12113803776, "cuda_peak_reserved_bytes": 14138998784, "rss_bytes": 4157947904}}
{"concurrency": 4, "wave": 132, "elapsed_s": 294.6843537706882, "complete_eos": 480, "cancelled": 48, "memory": {"cuda_allocated_bytes": 11157604864, "cuda_reserved_bytes": 14040432640, "cuda_peak_allocated_bytes": 12113803776, "cuda_peak_reserved_bytes": 14138998784, "rss_bytes": 4157947904}}
{"concurrency": 4, "wave": 133, "elapsed_s": 297.1526828985661, "complete_eos": 484, "cancelled": 48, "memory": {"cuda_allocated_bytes": 11157604864, "cuda_reserved_bytes": 14040432640, "cuda_peak_allocated_bytes": 12113803776, "cuda_peak_reserved_bytes": 14138998784, "rss_bytes": 4157947904}}
{"concurrency": 4, "wave": 134, "elapsed_s": 299.35876923799515, "complete_eos": 488, "cancelled": 48, "memory": {"cuda_allocated_bytes": 11157604864, "cuda_reserved_bytes": 14040432640, "cuda_peak_allocated_bytes": 12113803776, "cuda_peak_reserved_bytes": 14138998784, "rss_bytes": 4157947904}}
{"concurrency": 4, "wave": 135, "elapsed_s": 302.12672709673643, "complete_eos": 491, "cancelled": 49, "memory": {"cuda_allocated_bytes": 11157604864, "cuda_reserved_bytes": 14040432640, "cuda_peak_allocated_bytes": 12113803776, "cuda_peak_reserved_bytes": 14138998784, "rss_bytes": 4157947904}}
{"concurrency": 4, "wave": 136, "elapsed_s": 304.656919343397, "complete_eos": 495, "cancelled": 49, "memory": {"cuda_allocated_bytes": 11157604864, "cuda_reserved_bytes": 14040432640, "cuda_peak_allocated_bytes": 12113803776, "cuda_peak_reserved_bytes": 14138998784, "rss_bytes": 4157952000}}
{"concurrency": 4, "wave": 137, "elapsed_s": 306.99824983999133, "complete_eos": 499, "cancelled": 49, "memory": {"cuda_allocated_bytes": 11157604864, "cuda_reserved_bytes": 14040432640, "cuda_peak_allocated_bytes": 12113803776, "cuda_peak_reserved_bytes": 14138998784, "rss_bytes": 4157952000}}
{"concurrency": 4, "wave": 138, "elapsed_s": 309.0874516554177, "complete_eos": 502, "cancelled": 50, "memory": {"cuda_allocated_bytes": 11157604864, "cuda_reserved_bytes": 14040432640, "cuda_peak_allocated_bytes": 12113803776, "cuda_peak_reserved_bytes": 14138998784, "rss_bytes": 4157952000}}
{"concurrency": 4, "wave": 139, "elapsed_s": 311.18780070357025, "complete_eos": 506, "cancelled": 50, "memory": {"cuda_allocated_bytes": 11157604864, "cuda_reserved_bytes": 14040432640, "cuda_peak_allocated_bytes": 12113803776, "cuda_peak_reserved_bytes": 14138998784, "rss_bytes": 4157952000}}
{"concurrency": 4, "wave": 140, "elapsed_s": 313.54717348329723, "complete_eos": 510, "cancelled": 50, "memory": {"cuda_allocated_bytes": 11157604864, "cuda_reserved_bytes": 14040432640, "cuda_peak_allocated_bytes": 12113803776, "cuda_peak_reserved_bytes": 14138998784, "rss_bytes": 4157952000}}
{"concurrency": 4, "wave": 141, "elapsed_s": 315.60636620782316, "complete_eos": 513, "cancelled": 51, "memory": {"cuda_allocated_bytes": 11157604864, "cuda_reserved_bytes": 14040432640, "cuda_peak_allocated_bytes": 12113803776, "cuda_peak_reserved_bytes": 14138998784, "rss_bytes": 4157952000}}
{"concurrency": 4, "wave": 142, "elapsed_s": 317.75236716121435, "complete_eos": 517, "cancelled": 51, "memory": {"cuda_allocated_bytes": 11157604864, "cuda_reserved_bytes": 14040432640, "cuda_peak_allocated_bytes": 12113803776, "cuda_peak_reserved_bytes": 14138998784, "rss_bytes": 4157952000}}
{"concurrency": 4, "wave": 143, "elapsed_s": 319.3186119645834, "complete_eos": 520, "cancelled": 52, "memory": {"cuda_allocated_bytes": 11157604864, "cuda_reserved_bytes": 14040432640, "cuda_peak_allocated_bytes": 12113803776, "cuda_peak_reserved_bytes": 14138998784, "rss_bytes": 4157952000}}
{"concurrency": 4, "wave": 144, "elapsed_s": 322.08117032423615, "complete_eos": 524, "cancelled": 52, "memory": {"cuda_allocated_bytes": 11157604864, "cuda_reserved_bytes": 14040432640, "cuda_peak_allocated_bytes": 12113803776, "cuda_peak_reserved_bytes": 14138998784, "rss_bytes": 4157952000}}
{"concurrency": 4, "wave": 145, "elapsed_s": 324.7948052007705, "complete_eos": 528, "cancelled": 52, "memory": {"cuda_allocated_bytes": 11157604864, "cuda_reserved_bytes": 14040432640, "cuda_peak_allocated_bytes": 12113803776, "cuda_peak_reserved_bytes": 14138998784, "rss_bytes": 4157952000}}
{"concurrency": 4, "wave": 146, "elapsed_s": 327.1943628527224, "complete_eos": 531, "cancelled": 53, "memory": {"cuda_allocated_bytes": 11157604864, "cuda_reserved_bytes": 14040432640, "cuda_peak_allocated_bytes": 12113803776, "cuda_peak_reserved_bytes": 14138998784, "rss_bytes": 4157952000}}
{"concurrency": 4, "wave": 147, "elapsed_s": 330.0702620726079, "complete_eos": 535, "cancelled": 53, "memory": {"cuda_allocated_bytes": 11157604864, "cuda_reserved_bytes": 14040432640, "cuda_peak_allocated_bytes": 12113803776, "cuda_peak_reserved_bytes": 14138998784, "rss_bytes": 4157952000}}
{"concurrency": 4, "wave": 148, "elapsed_s": 332.5886388681829, "complete_eos": 539, "cancelled": 53, "memory": {"cuda_allocated_bytes": 11157604864, "cuda_reserved_bytes": 14040432640, "cuda_peak_allocated_bytes": 12113803776, "cuda_peak_reserved_bytes": 14138998784, "rss_bytes": 4157952000}}
{"concurrency": 4, "wave": 149, "elapsed_s": 335.26607817038894, "complete_eos": 542, "cancelled": 54, "memory": {"cuda_allocated_bytes": 11157604864, "cuda_reserved_bytes": 14040432640, "cuda_peak_allocated_bytes": 12113803776, "cuda_peak_reserved_bytes": 14138998784, "rss_bytes": 4157952000}}
{"concurrency": 4, "wave": 150, "elapsed_s": 337.92798502370715, "complete_eos": 546, "cancelled": 54, "memory": {"cuda_allocated_bytes": 11157604864, "cuda_reserved_bytes": 14040432640, "cuda_peak_allocated_bytes": 12113803776, "cuda_peak_reserved_bytes": 14138998784, "rss_bytes": 4157952000}}
{"concurrency": 4, "wave": 151, "elapsed_s": 340.5996677298099, "complete_eos": 550, "cancelled": 54, "memory": {"cuda_allocated_bytes": 11157604864, "cuda_reserved_bytes": 14040432640, "cuda_peak_allocated_bytes": 12113803776, "cuda_peak_reserved_bytes": 14138998784, "rss_bytes": 4157952000}}
{"concurrency": 4, "wave": 152, "elapsed_s": 342.8490036483854, "complete_eos": 553, "cancelled": 55, "memory": {"cuda_allocated_bytes": 11157604864, "cuda_reserved_bytes": 14040432640, "cuda_peak_allocated_bytes": 12113803776, "cuda_peak_reserved_bytes": 14138998784, "rss_bytes": 4157952000}}
{"concurrency": 4, "wave": 153, "elapsed_s": 345.5744819175452, "complete_eos": 557, "cancelled": 55, "memory": {"cuda_allocated_bytes": 11157604864, "cuda_reserved_bytes": 14040432640, "cuda_peak_allocated_bytes": 12113803776, "cuda_peak_reserved_bytes": 14138998784, "rss_bytes": 4157952000}}
{"concurrency": 4, "wave": 154, "elapsed_s": 347.5440191142261, "complete_eos": 560, "cancelled": 56, "memory": {"cuda_allocated_bytes": 11157604864, "cuda_reserved_bytes": 14040432640, "cuda_peak_allocated_bytes": 12113803776, "cuda_peak_reserved_bytes": 14138998784, "rss_bytes": 4157952000}}
{"concurrency": 4, "wave": 155, "elapsed_s": 349.65068478509784, "complete_eos": 564, "cancelled": 56, "memory": {"cuda_allocated_bytes": 11157604864, "cuda_reserved_bytes": 14040432640, "cuda_peak_allocated_bytes": 12113803776, "cuda_peak_reserved_bytes": 14138998784, "rss_bytes": 4157956096}}
{"concurrency": 4, "wave": 156, "elapsed_s": 351.8635276015848, "complete_eos": 568, "cancelled": 56, "memory": {"cuda_allocated_bytes": 11157604864, "cuda_reserved_bytes": 14040432640, "cuda_peak_allocated_bytes": 12113803776, "cuda_peak_reserved_bytes": 14138998784, "rss_bytes": 4157956096}}
{"concurrency": 4, "wave": 157, "elapsed_s": 353.2714779023081, "complete_eos": 571, "cancelled": 57, "memory": {"cuda_allocated_bytes": 11157604864, "cuda_reserved_bytes": 14040432640, "cuda_peak_allocated_bytes": 12113803776, "cuda_peak_reserved_bytes": 14138998784, "rss_bytes": 4157956096}}
{"concurrency": 4, "wave": 158, "elapsed_s": 355.8734813965857, "complete_eos": 575, "cancelled": 57, "memory": {"cuda_allocated_bytes": 11157604864, "cuda_reserved_bytes": 14040432640, "cuda_peak_allocated_bytes": 12113803776, "cuda_peak_reserved_bytes": 14138998784, "rss_bytes": 4157956096}}
{"concurrency": 4, "wave": 159, "elapsed_s": 358.645289985463, "complete_eos": 579, "cancelled": 57, "memory": {"cuda_allocated_bytes": 11157604864, "cuda_reserved_bytes": 14040432640, "cuda_peak_allocated_bytes": 12113803776, "cuda_peak_reserved_bytes": 14138998784, "rss_bytes": 4157960192}}
{"concurrency": 4, "wave": 160, "elapsed_s": 361.40282383933663, "complete_eos": 582, "cancelled": 58, "memory": {"cuda_allocated_bytes": 11157604864, "cuda_reserved_bytes": 14040432640, "cuda_peak_allocated_bytes": 12113803776, "cuda_peak_reserved_bytes": 14138998784, "rss_bytes": 4157960192}}
{"concurrency": 4, "wave": 161, "elapsed_s": 363.8761058803648, "complete_eos": 586, "cancelled": 58, "memory": {"cuda_allocated_bytes": 11157604864, "cuda_reserved_bytes": 14040432640, "cuda_peak_allocated_bytes": 12113803776, "cuda_peak_reserved_bytes": 14138998784, "rss_bytes": 4157960192}}
{"concurrency": 4, "wave": 162, "elapsed_s": 366.2146826479584, "complete_eos": 590, "cancelled": 58, "memory": {"cuda_allocated_bytes": 11157604864, "cuda_reserved_bytes": 14040432640, "cuda_peak_allocated_bytes": 12113803776, "cuda_peak_reserved_bytes": 14138998784, "rss_bytes": 4157960192}}
{"concurrency": 4, "wave": 163, "elapsed_s": 368.6793280709535, "complete_eos": 593, "cancelled": 59, "memory": {"cuda_allocated_bytes": 11157604864, "cuda_reserved_bytes": 14040432640, "cuda_peak_allocated_bytes": 12113803776, "cuda_peak_reserved_bytes": 14138998784, "rss_bytes": 4157960192}}
{"concurrency": 4, "wave": 164, "elapsed_s": 371.5821813363582, "complete_eos": 597, "cancelled": 59, "memory": {"cuda_allocated_bytes": 11157604864, "cuda_reserved_bytes": 14040432640, "cuda_peak_allocated_bytes": 12113803776, "cuda_peak_reserved_bytes": 14138998784, "rss_bytes": 4157960192}}
{"concurrency": 4, "wave": 165, "elapsed_s": 373.8923166766763, "complete_eos": 600, "cancelled": 60, "memory": {"cuda_allocated_bytes": 11157604864, "cuda_reserved_bytes": 14040432640, "cuda_peak_allocated_bytes": 12113803776, "cuda_peak_reserved_bytes": 14138998784, "rss_bytes": 4157960192}}
{"concurrency": 4, "wave": 166, "elapsed_s": 377.2066117487848, "complete_eos": 604, "cancelled": 60, "memory": {"cuda_allocated_bytes": 11157604864, "cuda_reserved_bytes": 14040432640, "cuda_peak_allocated_bytes": 12113803776, "cuda_peak_reserved_bytes": 14138998784, "rss_bytes": 4157960192}}
{"concurrency": 4, "wave": 167, "elapsed_s": 380.02274257317185, "complete_eos": 608, "cancelled": 60, "memory": {"cuda_allocated_bytes": 11157604864, "cuda_reserved_bytes": 14040432640, "cuda_peak_allocated_bytes": 12113803776, "cuda_peak_reserved_bytes": 14138998784, "rss_bytes": 4157960192}}
{"concurrency": 4, "wave": 168, "elapsed_s": 382.82271343655884, "complete_eos": 611, "cancelled": 61, "memory": {"cuda_allocated_bytes": 11157604864, "cuda_reserved_bytes": 14040432640, "cuda_peak_allocated_bytes": 12113803776, "cuda_peak_reserved_bytes": 14138998784, "rss_bytes": 4158513152}}
{"concurrency": 4, "wave": 169, "elapsed_s": 385.74182932823896, "complete_eos": 615, "cancelled": 61, "memory": {"cuda_allocated_bytes": 11157604864, "cuda_reserved_bytes": 14040432640, "cuda_peak_allocated_bytes": 12113803776, "cuda_peak_reserved_bytes": 14138998784, "rss_bytes": 4158513152}}
{"concurrency": 4, "wave": 170, "elapsed_s": 388.43852519243956, "complete_eos": 619, "cancelled": 61, "memory": {"cuda_allocated_bytes": 11157604864, "cuda_reserved_bytes": 14040432640, "cuda_peak_allocated_bytes": 12113803776, "cuda_peak_reserved_bytes": 14138998784, "rss_bytes": 4158513152}}
{"concurrency": 4, "wave": 171, "elapsed_s": 389.87929542548954, "complete_eos": 622, "cancelled": 62, "memory": {"cuda_allocated_bytes": 11157604864, "cuda_reserved_bytes": 14040432640, "cuda_peak_allocated_bytes": 12113803776, "cuda_peak_reserved_bytes": 14138998784, "rss_bytes": 4158513152}}
{"concurrency": 4, "wave": 172, "elapsed_s": 392.95672169327736, "complete_eos": 626, "cancelled": 62, "memory": {"cuda_allocated_bytes": 11157604864, "cuda_reserved_bytes": 14040432640, "cuda_peak_allocated_bytes": 12113803776, "cuda_peak_reserved_bytes": 14138998784, "rss_bytes": 4158513152}}
{"concurrency": 4, "wave": 173, "elapsed_s": 395.9697615839541, "complete_eos": 630, "cancelled": 62, "memory": {"cuda_allocated_bytes": 11157604864, "cuda_reserved_bytes": 14040432640, "cuda_peak_allocated_bytes": 12113803776, "cuda_peak_reserved_bytes": 14138998784, "rss_bytes": 4158513152}}
{"concurrency": 4, "wave": 174, "elapsed_s": 398.7426735702902, "complete_eos": 633, "cancelled": 63, "memory": {"cuda_allocated_bytes": 11157604864, "cuda_reserved_bytes": 14040432640, "cuda_peak_allocated_bytes": 12113803776, "cuda_peak_reserved_bytes": 14138998784, "rss_bytes": 4158513152}}
{"concurrency": 4, "wave": 175, "elapsed_s": 401.4453320223838, "complete_eos": 637, "cancelled": 63, "memory": {"cuda_allocated_bytes": 11157604864, "cuda_reserved_bytes": 14040432640, "cuda_peak_allocated_bytes": 12113803776, "cuda_peak_reserved_bytes": 14138998784, "rss_bytes": 4158513152}}
{"concurrency": 4, "wave": 176, "elapsed_s": 404.00575814396143, "complete_eos": 640, "cancelled": 64, "memory": {"cuda_allocated_bytes": 11157604864, "cuda_reserved_bytes": 14040432640, "cuda_peak_allocated_bytes": 12113803776, "cuda_peak_reserved_bytes": 14138998784, "rss_bytes": 4158513152}}
{"concurrency": 4, "wave": 177, "elapsed_s": 406.4177165515721, "complete_eos": 644, "cancelled": 64, "memory": {"cuda_allocated_bytes": 11157604864, "cuda_reserved_bytes": 14040432640, "cuda_peak_allocated_bytes": 12113803776, "cuda_peak_reserved_bytes": 14138998784, "rss_bytes": 4158513152}}
{"concurrency": 4, "wave": 178, "elapsed_s": 408.37431258521974, "complete_eos": 648, "cancelled": 64, "memory": {"cuda_allocated_bytes": 11157604864, "cuda_reserved_bytes": 14040432640, "cuda_peak_allocated_bytes": 12113803776, "cuda_peak_reserved_bytes": 14138998784, "rss_bytes": 4158513152}}
{"concurrency": 4, "wave": 179, "elapsed_s": 410.55856209248304, "complete_eos": 651, "cancelled": 65, "memory": {"cuda_allocated_bytes": 11157604864, "cuda_reserved_bytes": 14040432640, "cuda_peak_allocated_bytes": 12113803776, "cuda_peak_reserved_bytes": 14138998784, "rss_bytes": 4158513152}}
{"concurrency": 4, "wave": 180, "elapsed_s": 413.0375571306795, "complete_eos": 655, "cancelled": 65, "memory": {"cuda_allocated_bytes": 11157604864, "cuda_reserved_bytes": 14040432640, "cuda_peak_allocated_bytes": 12113803776, "cuda_peak_reserved_bytes": 14138998784, "rss_bytes": 4158521344}}
{"concurrency": 4, "wave": 181, "elapsed_s": 416.0994616486132, "complete_eos": 659, "cancelled": 65, "memory": {"cuda_allocated_bytes": 11157604864, "cuda_reserved_bytes": 14040432640, "cuda_peak_allocated_bytes": 12113803776, "cuda_peak_reserved_bytes": 14138998784, "rss_bytes": 4158521344}}
{"concurrency": 4, "wave": 182, "elapsed_s": 418.2277205269784, "complete_eos": 662, "cancelled": 66, "memory": {"cuda_allocated_bytes": 11157604864, "cuda_reserved_bytes": 14040432640, "cuda_peak_allocated_bytes": 12113803776, "cuda_peak_reserved_bytes": 14138998784, "rss_bytes": 4158521344}}
{"concurrency": 4, "wave": 183, "elapsed_s": 420.9074012823403, "complete_eos": 666, "cancelled": 66, "memory": {"cuda_allocated_bytes": 11157604864, "cuda_reserved_bytes": 14040432640, "cuda_peak_allocated_bytes": 12113803776, "cuda_peak_reserved_bytes": 14138998784, "rss_bytes": 4158521344}}
{"concurrency": 4, "wave": 184, "elapsed_s": 423.3679477199912, "complete_eos": 670, "cancelled": 66, "memory": {"cuda_allocated_bytes": 11157604864, "cuda_reserved_bytes": 14040432640, "cuda_peak_allocated_bytes": 12113803776, "cuda_peak_reserved_bytes": 14138998784, "rss_bytes": 4158521344}}
{"concurrency": 4, "wave": 185, "elapsed_s": 425.1692971587181, "complete_eos": 673, "cancelled": 67, "memory": {"cuda_allocated_bytes": 11157604864, "cuda_reserved_bytes": 14040432640, "cuda_peak_allocated_bytes": 12113803776, "cuda_peak_reserved_bytes": 14138998784, "rss_bytes": 4158521344}}
{"concurrency": 4, "wave": 186, "elapsed_s": 427.06843378022313, "complete_eos": 677, "cancelled": 67, "memory": {"cuda_allocated_bytes": 11157604864, "cuda_reserved_bytes": 14040432640, "cuda_peak_allocated_bytes": 12113803776, "cuda_peak_reserved_bytes": 14138998784, "rss_bytes": 4158521344}}
{"concurrency": 4, "wave": 187, "elapsed_s": 429.55309047177434, "complete_eos": 680, "cancelled": 68, "memory": {"cuda_allocated_bytes": 11157604864, "cuda_reserved_bytes": 14040432640, "cuda_peak_allocated_bytes": 12113803776, "cuda_peak_reserved_bytes": 14138998784, "rss_bytes": 4158521344}}
{"concurrency": 4, "wave": 188, "elapsed_s": 432.80843711830676, "complete_eos": 684, "cancelled": 68, "memory": {"cuda_allocated_bytes": 11157604864, "cuda_reserved_bytes": 14040432640, "cuda_peak_allocated_bytes": 12113803776, "cuda_peak_reserved_bytes": 14138998784, "rss_bytes": 4158521344}}
{"concurrency": 4, "wave": 189, "elapsed_s": 434.90863414667547, "complete_eos": 688, "cancelled": 68, "memory": {"cuda_allocated_bytes": 11157604864, "cuda_reserved_bytes": 14040432640, "cuda_peak_allocated_bytes": 12113803776, "cuda_peak_reserved_bytes": 14138998784, "rss_bytes": 4158521344}}
{"concurrency": 4, "wave": 190, "elapsed_s": 437.2658153139055, "complete_eos": 691, "cancelled": 69, "memory": {"cuda_allocated_bytes": 11157604864, "cuda_reserved_bytes": 14040432640, "cuda_peak_allocated_bytes": 12113803776, "cuda_peak_reserved_bytes": 14138998784, "rss_bytes": 4158521344}}
{"concurrency": 4, "wave": 191, "elapsed_s": 440.58756135217845, "complete_eos": 695, "cancelled": 69, "memory": {"cuda_allocated_bytes": 11157604864, "cuda_reserved_bytes": 14040432640, "cuda_peak_allocated_bytes": 12113803776, "cuda_peak_reserved_bytes": 14138998784, "rss_bytes": 4158521344}}
{"concurrency": 4, "wave": 192, "elapsed_s": 442.7375667449087, "complete_eos": 699, "cancelled": 69, "memory": {"cuda_allocated_bytes": 11157604864, "cuda_reserved_bytes": 14040432640, "cuda_peak_allocated_bytes": 12113803776, "cuda_peak_reserved_bytes": 14138998784, "rss_bytes": 4158521344}}
{"concurrency": 4, "wave": 193, "elapsed_s": 444.8547145836055, "complete_eos": 702, "cancelled": 70, "memory": {"cuda_allocated_bytes": 11157604864, "cuda_reserved_bytes": 14040432640, "cuda_peak_allocated_bytes": 12113803776, "cuda_peak_reserved_bytes": 14138998784, "rss_bytes": 4158521344}}
{"concurrency": 4, "wave": 194, "elapsed_s": 447.23019089363515, "complete_eos": 706, "cancelled": 70, "memory": {"cuda_allocated_bytes": 11157604864, "cuda_reserved_bytes": 14040432640, "cuda_peak_allocated_bytes": 12113803776, "cuda_peak_reserved_bytes": 14138998784, "rss_bytes": 4158521344}}
{"concurrency": 4, "wave": 195, "elapsed_s": 449.54740138724446, "complete_eos": 710, "cancelled": 70, "memory": {"cuda_allocated_bytes": 11157604864, "cuda_reserved_bytes": 14040432640, "cuda_peak_allocated_bytes": 12113803776, "cuda_peak_reserved_bytes": 14138998784, "rss_bytes": 4158521344}}
{"concurrency": 4, "wave": 196, "elapsed_s": 452.05830377712846, "complete_eos": 713, "cancelled": 71, "memory": {"cuda_allocated_bytes": 11157604864, "cuda_reserved_bytes": 14040432640, "cuda_peak_allocated_bytes": 12113803776, "cuda_peak_reserved_bytes": 14138998784, "rss_bytes": 4158521344}}
{"concurrency": 4, "wave": 197, "elapsed_s": 454.774147240445, "complete_eos": 717, "cancelled": 71, "memory": {"cuda_allocated_bytes": 11157604864, "cuda_reserved_bytes": 14040432640, "cuda_peak_allocated_bytes": 12113803776, "cuda_peak_reserved_bytes": 14138998784, "rss_bytes": 4158521344}}
{"concurrency": 4, "wave": 198, "elapsed_s": 457.3235836289823, "complete_eos": 720, "cancelled": 72, "memory": {"cuda_allocated_bytes": 11157604864, "cuda_reserved_bytes": 14040432640, "cuda_peak_allocated_bytes": 12113803776, "cuda_peak_reserved_bytes": 14138998784, "rss_bytes": 4158521344}}
{"concurrency": 4, "wave": 199, "elapsed_s": 460.70448216050863, "complete_eos": 724, "cancelled": 72, "memory": {"cuda_allocated_bytes": 11157604864, "cuda_reserved_bytes": 14040432640, "cuda_peak_allocated_bytes": 12113803776, "cuda_peak_reserved_bytes": 14138998784, "rss_bytes": 4158521344}}
{"concurrency": 4, "wave": 200, "elapsed_s": 463.4020557962358, "complete_eos": 728, "cancelled": 72, "memory": {"cuda_allocated_bytes": 11157604864, "cuda_reserved_bytes": 14040432640, "cuda_peak_allocated_bytes": 12113803776, "cuda_peak_reserved_bytes": 14138998784, "rss_bytes": 4158521344}}
{"concurrency": 4, "wave": 201, "elapsed_s": 465.65028087608516, "complete_eos": 731, "cancelled": 73, "memory": {"cuda_allocated_bytes": 11157604864, "cuda_reserved_bytes": 14040432640, "cuda_peak_allocated_bytes": 12113803776, "cuda_peak_reserved_bytes": 14138998784, "rss_bytes": 4158521344}}
{"concurrency": 4, "wave": 202, "elapsed_s": 468.6588780079037, "complete_eos": 735, "cancelled": 73, "memory": {"cuda_allocated_bytes": 11157604864, "cuda_reserved_bytes": 14040432640, "cuda_peak_allocated_bytes": 12113803776, "cuda_peak_reserved_bytes": 14138998784, "rss_bytes": 4158529536}}
{"concurrency": 4, "wave": 203, "elapsed_s": 470.8808368612081, "complete_eos": 739, "cancelled": 73, "memory": {"cuda_allocated_bytes": 11157604864, "cuda_reserved_bytes": 14040432640, "cuda_peak_allocated_bytes": 12113803776, "cuda_peak_reserved_bytes": 14138998784, "rss_bytes": 4158529536}}
{"concurrency": 4, "wave": 204, "elapsed_s": 473.29543841816485, "complete_eos": 742, "cancelled": 74, "memory": {"cuda_allocated_bytes": 11157604864, "cuda_reserved_bytes": 14040432640, "cuda_peak_allocated_bytes": 12113803776, "cuda_peak_reserved_bytes": 14138998784, "rss_bytes": 4158529536}}
{"concurrency": 4, "wave": 205, "elapsed_s": 475.99323284998536, "complete_eos": 746, "cancelled": 74, "memory": {"cuda_allocated_bytes": 11157604864, "cuda_reserved_bytes": 14040432640, "cuda_peak_allocated_bytes": 12113803776, "cuda_peak_reserved_bytes": 14138998784, "rss_bytes": 4159279104}}
{"concurrency": 4, "wave": 206, "elapsed_s": 478.6423286125064, "complete_eos": 750, "cancelled": 74, "memory": {"cuda_allocated_bytes": 11157604864, "cuda_reserved_bytes": 14040432640, "cuda_peak_allocated_bytes": 12113803776, "cuda_peak_reserved_bytes": 14138998784, "rss_bytes": 4159279104}}
{"concurrency": 4, "wave": 207, "elapsed_s": 480.62728331051767, "complete_eos": 753, "cancelled": 75, "memory": {"cuda_allocated_bytes": 11157604864, "cuda_reserved_bytes": 14040432640, "cuda_peak_allocated_bytes": 12113803776, "cuda_peak_reserved_bytes": 14138998784, "rss_bytes": 4159279104}}
{"concurrency": 4, "wave": 208, "elapsed_s": 483.0939180422574, "complete_eos": 757, "cancelled": 75, "memory": {"cuda_allocated_bytes": 11157604864, "cuda_reserved_bytes": 14040432640, "cuda_peak_allocated_bytes": 12113803776, "cuda_peak_reserved_bytes": 14138998784, "rss_bytes": 4159279104}}
{"concurrency": 4, "wave": 209, "elapsed_s": 486.086415078491, "complete_eos": 760, "cancelled": 76, "memory": {"cuda_allocated_bytes": 11157604864, "cuda_reserved_bytes": 14040432640, "cuda_peak_allocated_bytes": 12113803776, "cuda_peak_reserved_bytes": 14138998784, "rss_bytes": 4159279104}}
{"concurrency": 4, "wave": 210, "elapsed_s": 489.38898505829275, "complete_eos": 764, "cancelled": 76, "memory": {"cuda_allocated_bytes": 11157604864, "cuda_reserved_bytes": 14040432640, "cuda_peak_allocated_bytes": 12113803776, "cuda_peak_reserved_bytes": 14138998784, "rss_bytes": 4159279104}}
{"concurrency": 4, "wave": 211, "elapsed_s": 491.99134976416826, "complete_eos": 768, "cancelled": 76, "memory": {"cuda_allocated_bytes": 11157604864, "cuda_reserved_bytes": 14040432640, "cuda_peak_allocated_bytes": 12113803776, "cuda_peak_reserved_bytes": 14138998784, "rss_bytes": 4159279104}}
{"concurrency": 4, "wave": 212, "elapsed_s": 494.46152650006115, "complete_eos": 771, "cancelled": 77, "memory": {"cuda_allocated_bytes": 11157604864, "cuda_reserved_bytes": 14040432640, "cuda_peak_allocated_bytes": 12113803776, "cuda_peak_reserved_bytes": 14138998784, "rss_bytes": 4159279104}}
{"concurrency": 4, "wave": 213, "elapsed_s": 496.9901600982994, "complete_eos": 775, "cancelled": 77, "memory": {"cuda_allocated_bytes": 11157604864, "cuda_reserved_bytes": 14040432640, "cuda_peak_allocated_bytes": 12113803776, "cuda_peak_reserved_bytes": 14138998784, "rss_bytes": 4159279104}}
{"concurrency": 4, "wave": 214, "elapsed_s": 499.76810898818076, "complete_eos": 779, "cancelled": 77, "memory": {"cuda_allocated_bytes": 11157604864, "cuda_reserved_bytes": 14040432640, "cuda_peak_allocated_bytes": 12113803776, "cuda_peak_reserved_bytes": 14138998784, "rss_bytes": 4159279104}}
{"concurrency": 4, "wave": 215, "elapsed_s": 501.9787412546575, "complete_eos": 782, "cancelled": 78, "memory": {"cuda_allocated_bytes": 11157604864, "cuda_reserved_bytes": 14040432640, "cuda_peak_allocated_bytes": 12113803776, "cuda_peak_reserved_bytes": 14138998784, "rss_bytes": 4159279104}}
{"concurrency": 4, "wave": 216, "elapsed_s": 505.0094410572201, "complete_eos": 786, "cancelled": 78, "memory": {"cuda_allocated_bytes": 11157604864, "cuda_reserved_bytes": 14040432640, "cuda_peak_allocated_bytes": 12113803776, "cuda_peak_reserved_bytes": 14138998784, "rss_bytes": 4159279104}}
{"concurrency": 4, "wave": 217, "elapsed_s": 508.4337945859879, "complete_eos": 790, "cancelled": 78, "memory": {"cuda_allocated_bytes": 11157604864, "cuda_reserved_bytes": 14040432640, "cuda_peak_allocated_bytes": 12113803776, "cuda_peak_reserved_bytes": 14138998784, "rss_bytes": 4159279104}}
{"concurrency": 4, "wave": 218, "elapsed_s": 510.69134579598904, "complete_eos": 793, "cancelled": 79, "memory": {"cuda_allocated_bytes": 11157604864, "cuda_reserved_bytes": 14040432640, "cuda_peak_allocated_bytes": 12113803776, "cuda_peak_reserved_bytes": 14138998784, "rss_bytes": 4159279104}}
{"concurrency": 4, "wave": 219, "elapsed_s": 514.1662537809461, "complete_eos": 797, "cancelled": 79, "memory": {"cuda_allocated_bytes": 11157604864, "cuda_reserved_bytes": 14040432640, "cuda_peak_allocated_bytes": 12113803776, "cuda_peak_reserved_bytes": 14138998784, "rss_bytes": 4159279104}}
{"concurrency": 4, "wave": 220, "elapsed_s": 516.1055878326297, "complete_eos": 800, "cancelled": 80, "memory": {"cuda_allocated_bytes": 11157604864, "cuda_reserved_bytes": 14040432640, "cuda_peak_allocated_bytes": 12113803776, "cuda_peak_reserved_bytes": 14138998784, "rss_bytes": 4159279104}}
{"concurrency": 4, "wave": 221, "elapsed_s": 518.6388443466276, "complete_eos": 804, "cancelled": 80, "memory": {"cuda_allocated_bytes": 11157604864, "cuda_reserved_bytes": 14040432640, "cuda_peak_allocated_bytes": 12113803776, "cuda_peak_reserved_bytes": 14138998784, "rss_bytes": 4159279104}}
{"concurrency": 4, "wave": 222, "elapsed_s": 521.1089168991894, "complete_eos": 808, "cancelled": 80, "memory": {"cuda_allocated_bytes": 11157604864, "cuda_reserved_bytes": 14040432640, "cuda_peak_allocated_bytes": 12113803776, "cuda_peak_reserved_bytes": 14138998784, "rss_bytes": 4159279104}}
{"concurrency": 4, "wave": 223, "elapsed_s": 523.5215844344348, "complete_eos": 811, "cancelled": 81, "memory": {"cuda_allocated_bytes": 11157604864, "cuda_reserved_bytes": 14040432640, "cuda_peak_allocated_bytes": 12113803776, "cuda_peak_reserved_bytes": 14138998784, "rss_bytes": 4159279104}}
{"concurrency": 4, "wave": 224, "elapsed_s": 526.115738933906, "complete_eos": 815, "cancelled": 81, "memory": {"cuda_allocated_bytes": 11157604864, "cuda_reserved_bytes": 14040432640, "cuda_peak_allocated_bytes": 12113803776, "cuda_peak_reserved_bytes": 14138998784, "rss_bytes": 4159279104}}
{"concurrency": 4, "wave": 225, "elapsed_s": 528.6178228929639, "complete_eos": 819, "cancelled": 81, "memory": {"cuda_allocated_bytes": 11157604864, "cuda_reserved_bytes": 14040432640, "cuda_peak_allocated_bytes": 12113803776, "cuda_peak_reserved_bytes": 14138998784, "rss_bytes": 4159291392}}
{"concurrency": 4, "wave": 226, "elapsed_s": 530.3078917954117, "complete_eos": 822, "cancelled": 82, "memory": {"cuda_allocated_bytes": 11157604864, "cuda_reserved_bytes": 14040432640, "cuda_peak_allocated_bytes": 12113803776, "cuda_peak_reserved_bytes": 14138998784, "rss_bytes": 4159291392}}
{"concurrency": 4, "wave": 227, "elapsed_s": 532.4010740742087, "complete_eos": 826, "cancelled": 82, "memory": {"cuda_allocated_bytes": 11157604864, "cuda_reserved_bytes": 14040432640, "cuda_peak_allocated_bytes": 12113803776, "cuda_peak_reserved_bytes": 14138998784, "rss_bytes": 4159291392}}
{"concurrency": 4, "wave": 228, "elapsed_s": 534.7668074313551, "complete_eos": 830, "cancelled": 82, "memory": {"cuda_allocated_bytes": 11157604864, "cuda_reserved_bytes": 14040432640, "cuda_peak_allocated_bytes": 12113803776, "cuda_peak_reserved_bytes": 14138998784, "rss_bytes": 4159291392}}
{"concurrency": 4, "wave": 229, "elapsed_s": 536.5474240873009, "complete_eos": 833, "cancelled": 83, "memory": {"cuda_allocated_bytes": 11157604864, "cuda_reserved_bytes": 14040432640, "cuda_peak_allocated_bytes": 12113803776, "cuda_peak_reserved_bytes": 14138998784, "rss_bytes": 4159291392}}
{"concurrency": 4, "wave": 230, "elapsed_s": 539.0404993165284, "complete_eos": 837, "cancelled": 83, "memory": {"cuda_allocated_bytes": 11157604864, "cuda_reserved_bytes": 14040432640, "cuda_peak_allocated_bytes": 12113803776, "cuda_peak_reserved_bytes": 14138998784, "rss_bytes": 4159291392}}
{"concurrency": 4, "wave": 231, "elapsed_s": 541.247633209452, "complete_eos": 840, "cancelled": 84, "memory": {"cuda_allocated_bytes": 11157604864, "cuda_reserved_bytes": 14040432640, "cuda_peak_allocated_bytes": 12113803776, "cuda_peak_reserved_bytes": 14138998784, "rss_bytes": 4159291392}}
{"concurrency": 4, "wave": 232, "elapsed_s": 543.6277548465878, "complete_eos": 844, "cancelled": 84, "memory": {"cuda_allocated_bytes": 11157604864, "cuda_reserved_bytes": 14040432640, "cuda_peak_allocated_bytes": 12113803776, "cuda_peak_reserved_bytes": 14138998784, "rss_bytes": 4159291392}}
{"concurrency": 4, "wave": 233, "elapsed_s": 545.7131227012724, "complete_eos": 848, "cancelled": 84, "memory": {"cuda_allocated_bytes": 11157604864, "cuda_reserved_bytes": 14040432640, "cuda_peak_allocated_bytes": 12113803776, "cuda_peak_reserved_bytes": 14138998784, "rss_bytes": 4159291392}}
{"concurrency": 4, "wave": 234, "elapsed_s": 547.2145647052675, "complete_eos": 851, "cancelled": 85, "memory": {"cuda_allocated_bytes": 11157604864, "cuda_reserved_bytes": 14040432640, "cuda_peak_allocated_bytes": 12113803776, "cuda_peak_reserved_bytes": 14138998784, "rss_bytes": 4159291392}}
{"concurrency": 4, "wave": 235, "elapsed_s": 549.0639761406928, "complete_eos": 855, "cancelled": 85, "memory": {"cuda_allocated_bytes": 11157604864, "cuda_reserved_bytes": 14040432640, "cuda_peak_allocated_bytes": 12113803776, "cuda_peak_reserved_bytes": 14138998784, "rss_bytes": 4159291392}}
{"concurrency": 4, "wave": 236, "elapsed_s": 551.4661311097443, "complete_eos": 859, "cancelled": 85, "memory": {"cuda_allocated_bytes": 11157604864, "cuda_reserved_bytes": 14040432640, "cuda_peak_allocated_bytes": 12113803776, "cuda_peak_reserved_bytes": 14138998784, "rss_bytes": 4159291392}}
{"concurrency": 4, "wave": 237, "elapsed_s": 553.0233717877418, "complete_eos": 862, "cancelled": 86, "memory": {"cuda_allocated_bytes": 11157604864, "cuda_reserved_bytes": 14040432640, "cuda_peak_allocated_bytes": 12113803776, "cuda_peak_reserved_bytes": 14138998784, "rss_bytes": 4159291392}}
{"concurrency": 4, "wave": 238, "elapsed_s": 555.7365174107254, "complete_eos": 866, "cancelled": 86, "memory": {"cuda_allocated_bytes": 11157604864, "cuda_reserved_bytes": 14040432640, "cuda_peak_allocated_bytes": 12113803776, "cuda_peak_reserved_bytes": 14138998784, "rss_bytes": 4159291392}}
{"concurrency": 4, "wave": 239, "elapsed_s": 558.0107117705047, "complete_eos": 870, "cancelled": 86, "memory": {"cuda_allocated_bytes": 11157604864, "cuda_reserved_bytes": 14040432640, "cuda_peak_allocated_bytes": 12113803776, "cuda_peak_reserved_bytes": 14138998784, "rss_bytes": 4159291392}}
{"concurrency": 4, "wave": 240, "elapsed_s": 560.0340478904545, "complete_eos": 873, "cancelled": 87, "memory": {"cuda_allocated_bytes": 11157604864, "cuda_reserved_bytes": 14040432640, "cuda_peak_allocated_bytes": 12113803776, "cuda_peak_reserved_bytes": 14138998784, "rss_bytes": 4159291392}}
{"concurrency": 4, "wave": 241, "elapsed_s": 562.0466175824404, "complete_eos": 877, "cancelled": 87, "memory": {"cuda_allocated_bytes": 11157604864, "cuda_reserved_bytes": 14040432640, "cuda_peak_allocated_bytes": 12113803776, "cuda_peak_reserved_bytes": 14138998784, "rss_bytes": 4159291392}}
{"concurrency": 4, "wave": 242, "elapsed_s": 564.1248199641705, "complete_eos": 880, "cancelled": 88, "memory": {"cuda_allocated_bytes": 11157604864, "cuda_reserved_bytes": 14040432640, "cuda_peak_allocated_bytes": 12113803776, "cuda_peak_reserved_bytes": 14138998784, "rss_bytes": 4159291392}}
{"concurrency": 4, "wave": 243, "elapsed_s": 566.4959021955729, "complete_eos": 884, "cancelled": 88, "memory": {"cuda_allocated_bytes": 11157604864, "cuda_reserved_bytes": 14040432640, "cuda_peak_allocated_bytes": 12113803776, "cuda_peak_reserved_bytes": 14138998784, "rss_bytes": 4159291392}}
{"concurrency": 4, "wave": 244, "elapsed_s": 569.4905921053141, "complete_eos": 888, "cancelled": 88, "memory": {"cuda_allocated_bytes": 11157604864, "cuda_reserved_bytes": 14040432640, "cuda_peak_allocated_bytes": 12113803776, "cuda_peak_reserved_bytes": 14138998784, "rss_bytes": 4159291392}}
{"concurrency": 4, "wave": 245, "elapsed_s": 571.8738052602857, "complete_eos": 891, "cancelled": 89, "memory": {"cuda_allocated_bytes": 11157604864, "cuda_reserved_bytes": 14040432640, "cuda_peak_allocated_bytes": 12113803776, "cuda_peak_reserved_bytes": 14138998784, "rss_bytes": 4159291392}}
{"concurrency": 4, "wave": 246, "elapsed_s": 573.7421177588403, "complete_eos": 895, "cancelled": 89, "memory": {"cuda_allocated_bytes": 11157604864, "cuda_reserved_bytes": 14040432640, "cuda_peak_allocated_bytes": 12113803776, "cuda_peak_reserved_bytes": 14138998784, "rss_bytes": 4159291392}}
{"concurrency": 4, "wave": 247, "elapsed_s": 577.1522914804518, "complete_eos": 899, "cancelled": 89, "memory": {"cuda_allocated_bytes": 11157604864, "cuda_reserved_bytes": 14040432640, "cuda_peak_allocated_bytes": 12113803776, "cuda_peak_reserved_bytes": 14138998784, "rss_bytes": 4159299584}}
{"concurrency": 4, "wave": 248, "elapsed_s": 579.8311406672001, "complete_eos": 902, "cancelled": 90, "memory": {"cuda_allocated_bytes": 11157604864, "cuda_reserved_bytes": 14040432640, "cuda_peak_allocated_bytes": 12113803776, "cuda_peak_reserved_bytes": 14138998784, "rss_bytes": 4159299584}}
{"concurrency": 4, "wave": 249, "elapsed_s": 582.1864937189966, "complete_eos": 906, "cancelled": 90, "memory": {"cuda_allocated_bytes": 11157604864, "cuda_reserved_bytes": 14040432640, "cuda_peak_allocated_bytes": 12113803776, "cuda_peak_reserved_bytes": 14138998784, "rss_bytes": 4159299584}}
{"concurrency": 4, "wave": 250, "elapsed_s": 584.755046473816, "complete_eos": 910, "cancelled": 90, "memory": {"cuda_allocated_bytes": 11157604864, "cuda_reserved_bytes": 14040432640, "cuda_peak_allocated_bytes": 12113803776, "cuda_peak_reserved_bytes": 14138998784, "rss_bytes": 4159299584}}
{"concurrency": 4, "wave": 251, "elapsed_s": 586.9665265157819, "complete_eos": 913, "cancelled": 91, "memory": {"cuda_allocated_bytes": 11157604864, "cuda_reserved_bytes": 14040432640, "cuda_peak_allocated_bytes": 12113803776, "cuda_peak_reserved_bytes": 14138998784, "rss_bytes": 4159594496}}
{"concurrency": 4, "wave": 252, "elapsed_s": 589.2782937921584, "complete_eos": 917, "cancelled": 91, "memory": {"cuda_allocated_bytes": 11157604864, "cuda_reserved_bytes": 14040432640, "cuda_peak_allocated_bytes": 12113803776, "cuda_peak_reserved_bytes": 14138998784, "rss_bytes": 4159713280}}
{"concurrency": 4, "wave": 253, "elapsed_s": 590.6141940969974, "complete_eos": 920, "cancelled": 92, "memory": {"cuda_allocated_bytes": 11157604864, "cuda_reserved_bytes": 14040432640, "cuda_peak_allocated_bytes": 12113803776, "cuda_peak_reserved_bytes": 14138998784, "rss_bytes": 4159713280}}
{"concurrency": 4, "wave": 254, "elapsed_s": 593.139510134235, "complete_eos": 924, "cancelled": 92, "memory": {"cuda_allocated_bytes": 11157604864, "cuda_reserved_bytes": 14040432640, "cuda_peak_allocated_bytes": 12113803776, "cuda_peak_reserved_bytes": 14138998784, "rss_bytes": 4159713280}}
{"concurrency": 4, "wave": 255, "elapsed_s": 595.2875680588186, "complete_eos": 928, "cancelled": 92, "memory": {"cuda_allocated_bytes": 11157604864, "cuda_reserved_bytes": 14040432640, "cuda_peak_allocated_bytes": 12113803776, "cuda_peak_reserved_bytes": 14138998784, "rss_bytes": 4159713280}}
{"concurrency": 4, "wave": 256, "elapsed_s": 596.6420679558069, "complete_eos": 931, "cancelled": 93, "memory": {"cuda_allocated_bytes": 11157604864, "cuda_reserved_bytes": 14040432640, "cuda_peak_allocated_bytes": 12113803776, "cuda_peak_reserved_bytes": 14138998784, "rss_bytes": 4159713280}}
{"concurrency": 4, "wave": 257, "elapsed_s": 599.3156345114112, "complete_eos": 935, "cancelled": 93, "memory": {"cuda_allocated_bytes": 11157604864, "cuda_reserved_bytes": 14040432640, "cuda_peak_allocated_bytes": 12113803776, "cuda_peak_reserved_bytes": 14138998784, "rss_bytes": 4159713280}}
{"concurrency": 4, "wave": 258, "elapsed_s": 601.7008680664003, "complete_eos": 939, "cancelled": 93, "memory": {"cuda_allocated_bytes": 11157604864, "cuda_reserved_bytes": 14040432640, "cuda_peak_allocated_bytes": 12113803776, "cuda_peak_reserved_bytes": 14138998784, "rss_bytes": 4159713280}}
