GPU6: explicit shared-device run; pre-existing memory=21854 MiB, utilization=0%; external processes are preserved
>> Using explicit emotion vectors
>> GPT weights restored from: /workspace/A_inspark_marlin/models/index_tts2/gpt.pth
GPT2InferenceModel has generative capabilities, as `prepare_inputs_for_generation` is explicitly defined. However, it doesn't directly inherit from `GenerationMixin`. From 👉v4.50👈 onwards, `PreTrainedModel` will NOT inherit from `GenerationMixin`, and this model will lose the ability to call `generate` and other related functions.
  - If you're using `trust_remote_code=True`, you can get rid of this warning by loading the model with an auto class. See https://huggingface.co/docs/transformers/en/model_doc/auto#auto-classes
  - If you are the owner of the model architecture code, please modify your model class such that it inherits from `GenerationMixin` (after `PreTrainedModel`, otherwise you'll get an exception).
  - If you are not the owner of the model architecture class, please contact the model code owner to update it.
>> semantic_codec weights restored from: /workspace/A_inspark_marlin/models/index_tts2/hf_cache/semantic_codec_model.safetensors
>> s2mel weights restored from: /workspace/A_inspark_marlin/models/index_tts2/s2mel.pth
>> campplus_model weights restored from: /workspace/A_inspark_marlin/models/index_tts2/hf_cache/campplus_cn_common.bin
Loading config.json from local directory
Loading weights from local directory
Removing weight norm...
>> bigvgan weights restored from: /workspace/A_inspark_marlin/models/index_tts2/hf_cache/bigvgan
2026-09-23 02:24:09,579 WETEXT INFO found existing fst: /workspace/A_inspark_marlin/.cache/text_normalizer/zh_tn_tagger.fst
2026-09-23 02:24:09,579 WETEXT INFO                     /workspace/A_inspark_marlin/.cache/text_normalizer/zh_tn_verbalizer.fst
2026-09-23 02:24:09,579 WETEXT INFO skip building fst for zh_normalizer ...
2026-09-23 02:24:09,946 WETEXT INFO found existing fst: /workspace/A_inspark_marlin/.venv/lib/python3.11/site-packages/tn/en_tn_tagger.fst
2026-09-23 02:24:09,947 WETEXT INFO                     /workspace/A_inspark_marlin/.venv/lib/python3.11/site-packages/tn/en_tn_verbalizer.fst
2026-09-23 02:24:09,947 WETEXT INFO skip building fst for en_normalizer ...
>> TextNormalizer loaded
>> bpe model loaded from: /workspace/A_inspark_marlin/models/index_tts2/bpe.model
PRECISION_PREP target bf16
PRECISION_PREP draft bf16
PRECISION_PREP cfm bf16
PRECISION_PREP vocoder bf16
[09/23/2026-02:24:16] [TRT] [W] Functionality provided through tensorrt.plugin module is experimental.
{"concurrency": 16, "wave": 1, "elapsed_s": 6.381965212523937, "complete_eos": 15, "cancelled": 1, "memory": {"cuda_allocated_bytes": 16327278080, "cuda_reserved_bytes": 21437087744, "cuda_peak_allocated_bytes": 17874410496, "cuda_peak_reserved_bytes": 21437087744, "rss_bytes": 3874897920}}
{"concurrency": 16, "wave": 2, "elapsed_s": 14.57322351820767, "complete_eos": 30, "cancelled": 2, "memory": {"cuda_allocated_bytes": 16327278080, "cuda_reserved_bytes": 21437087744, "cuda_peak_allocated_bytes": 17930117632, "cuda_peak_reserved_bytes": 21437087744, "rss_bytes": 3928285184}}
{"concurrency": 16, "wave": 3, "elapsed_s": 20.733476096764207, "complete_eos": 44, "cancelled": 4, "memory": {"cuda_allocated_bytes": 16327278080, "cuda_reserved_bytes": 21437087744, "cuda_peak_allocated_bytes": 17930117632, "cuda_peak_reserved_bytes": 21437087744, "rss_bytes": 3964088320}}
{"concurrency": 16, "wave": 4, "elapsed_s": 28.628904724493623, "complete_eos": 59, "cancelled": 5, "memory": {"cuda_allocated_bytes": 16327831040, "cuda_reserved_bytes": 21437087744, "cuda_peak_allocated_bytes": 17930117632, "cuda_peak_reserved_bytes": 21437087744, "rss_bytes": 4002459648}}
{"concurrency": 16, "wave": 5, "elapsed_s": 34.51641886495054, "complete_eos": 73, "cancelled": 7, "memory": {"cuda_allocated_bytes": 16327278080, "cuda_reserved_bytes": 21437087744, "cuda_peak_allocated_bytes": 17930117632, "cuda_peak_reserved_bytes": 21437087744, "rss_bytes": 4025405440}}
{"concurrency": 16, "wave": 6, "elapsed_s": 40.32568498700857, "complete_eos": 88, "cancelled": 8, "memory": {"cuda_allocated_bytes": 16327278080, "cuda_reserved_bytes": 22160605184, "cuda_peak_allocated_bytes": 18074469376, "cuda_peak_reserved_bytes": 22160605184, "rss_bytes": 4047843328}}
{"concurrency": 16, "wave": 7, "elapsed_s": 46.43677246570587, "complete_eos": 102, "cancelled": 10, "memory": {"cuda_allocated_bytes": 16327441920, "cuda_reserved_bytes": 22160605184, "cuda_peak_allocated_bytes": 18074469376, "cuda_peak_reserved_bytes": 22160605184, "rss_bytes": 4063158272}}
{"concurrency": 16, "wave": 8, "elapsed_s": 55.23157938942313, "complete_eos": 117, "cancelled": 11, "memory": {"cuda_allocated_bytes": 16327278080, "cuda_reserved_bytes": 22160605184, "cuda_peak_allocated_bytes": 18338166784, "cuda_peak_reserved_bytes": 22160605184, "rss_bytes": 4066746368}}
{"concurrency": 16, "wave": 9, "elapsed_s": 62.20964077860117, "complete_eos": 131, "cancelled": 13, "memory": {"cuda_allocated_bytes": 16327278080, "cuda_reserved_bytes": 22160605184, "cuda_peak_allocated_bytes": 18338166784, "cuda_peak_reserved_bytes": 22160605184, "rss_bytes": 4067688448}}
{"concurrency": 16, "wave": 10, "elapsed_s": 69.9206171669066, "complete_eos": 146, "cancelled": 14, "memory": {"cuda_allocated_bytes": 16327278080, "cuda_reserved_bytes": 22160605184, "cuda_peak_allocated_bytes": 18338166784, "cuda_peak_reserved_bytes": 22160605184, "rss_bytes": 4069871616}}
{"concurrency": 16, "wave": 11, "elapsed_s": 76.52240152657032, "complete_eos": 160, "cancelled": 16, "memory": {"cuda_allocated_bytes": 16327831040, "cuda_reserved_bytes": 22160605184, "cuda_peak_allocated_bytes": 18338166784, "cuda_peak_reserved_bytes": 22160605184, "rss_bytes": 4069871616}}
{"concurrency": 16, "wave": 12, "elapsed_s": 83.9045891277492, "complete_eos": 175, "cancelled": 17, "memory": {"cuda_allocated_bytes": 16328076800, "cuda_reserved_bytes": 22160605184, "cuda_peak_allocated_bytes": 18338166784, "cuda_peak_reserved_bytes": 22160605184, "rss_bytes": 4071591936}}
{"concurrency": 16, "wave": 13, "elapsed_s": 89.83473321050406, "complete_eos": 190, "cancelled": 18, "memory": {"cuda_allocated_bytes": 16327278080, "cuda_reserved_bytes": 22160605184, "cuda_peak_allocated_bytes": 18338166784, "cuda_peak_reserved_bytes": 22160605184, "rss_bytes": 4072198144}}
{"concurrency": 16, "wave": 14, "elapsed_s": 96.31105451285839, "complete_eos": 204, "cancelled": 20, "memory": {"cuda_allocated_bytes": 16327278080, "cuda_reserved_bytes": 22160605184, "cuda_peak_allocated_bytes": 18338166784, "cuda_peak_reserved_bytes": 22160605184, "rss_bytes": 4073525248}}
{"concurrency": 16, "wave": 15, "elapsed_s": 102.90081536024809, "complete_eos": 219, "cancelled": 21, "memory": {"cuda_allocated_bytes": 16327278080, "cuda_reserved_bytes": 22162702336, "cuda_peak_allocated_bytes": 18338166784, "cuda_peak_reserved_bytes": 22162702336, "rss_bytes": 4074938368}}
{"concurrency": 16, "wave": 16, "elapsed_s": 109.87613675929606, "complete_eos": 233, "cancelled": 23, "memory": {"cuda_allocated_bytes": 16327278080, "cuda_reserved_bytes": 22162702336, "cuda_peak_allocated_bytes": 18338166784, "cuda_peak_reserved_bytes": 22162702336, "rss_bytes": 4074938368}}
{"concurrency": 16, "wave": 17, "elapsed_s": 117.16874430328608, "complete_eos": 248, "cancelled": 24, "memory": {"cuda_allocated_bytes": 16327278080, "cuda_reserved_bytes": 22162702336, "cuda_peak_allocated_bytes": 18338166784, "cuda_peak_reserved_bytes": 22162702336, "rss_bytes": 4075360256}}
{"concurrency": 16, "wave": 18, "elapsed_s": 125.67475071921945, "complete_eos": 262, "cancelled": 26, "memory": {"cuda_allocated_bytes": 16327278080, "cuda_reserved_bytes": 22162702336, "cuda_peak_allocated_bytes": 18338166784, "cuda_peak_reserved_bytes": 22162702336, "rss_bytes": 4075569152}}
{"concurrency": 16, "wave": 19, "elapsed_s": 133.0419574379921, "complete_eos": 277, "cancelled": 27, "memory": {"cuda_allocated_bytes": 16327278080, "cuda_reserved_bytes": 22162702336, "cuda_peak_allocated_bytes": 18338166784, "cuda_peak_reserved_bytes": 22162702336, "rss_bytes": 4077121536}}
{"concurrency": 16, "wave": 20, "elapsed_s": 140.3885967824608, "complete_eos": 291, "cancelled": 29, "memory": {"cuda_allocated_bytes": 16328076800, "cuda_reserved_bytes": 22162702336, "cuda_peak_allocated_bytes": 18338166784, "cuda_peak_reserved_bytes": 22162702336, "rss_bytes": 4077121536}}
{"concurrency": 16, "wave": 21, "elapsed_s": 147.79798925668, "complete_eos": 306, "cancelled": 30, "memory": {"cuda_allocated_bytes": 16327278080, "cuda_reserved_bytes": 22162702336, "cuda_peak_allocated_bytes": 18338166784, "cuda_peak_reserved_bytes": 22162702336, "rss_bytes": 4077731840}}
{"concurrency": 16, "wave": 22, "elapsed_s": 154.1366791650653, "complete_eos": 320, "cancelled": 32, "memory": {"cuda_allocated_bytes": 16327278080, "cuda_reserved_bytes": 22162702336, "cuda_peak_allocated_bytes": 18338166784, "cuda_peak_reserved_bytes": 22162702336, "rss_bytes": 4077883392}}
{"concurrency": 16, "wave": 23, "elapsed_s": 161.23279727622867, "complete_eos": 335, "cancelled": 33, "memory": {"cuda_allocated_bytes": 16327441920, "cuda_reserved_bytes": 22162702336, "cuda_peak_allocated_bytes": 18338166784, "cuda_peak_reserved_bytes": 22162702336, "rss_bytes": 4078022656}}
{"concurrency": 16, "wave": 24, "elapsed_s": 168.6192472986877, "complete_eos": 350, "cancelled": 34, "memory": {"cuda_allocated_bytes": 16327278080, "cuda_reserved_bytes": 22162702336, "cuda_peak_allocated_bytes": 18338166784, "cuda_peak_reserved_bytes": 22162702336, "rss_bytes": 4078456832}}
{"concurrency": 16, "wave": 25, "elapsed_s": 176.86545389145613, "complete_eos": 364, "cancelled": 36, "memory": {"cuda_allocated_bytes": 16327831040, "cuda_reserved_bytes": 22162702336, "cuda_peak_allocated_bytes": 18338166784, "cuda_peak_reserved_bytes": 22162702336, "rss_bytes": 4078649344}}
{"concurrency": 16, "wave": 26, "elapsed_s": 184.59084852971137, "complete_eos": 379, "cancelled": 37, "memory": {"cuda_allocated_bytes": 16327278080, "cuda_reserved_bytes": 22162702336, "cuda_peak_allocated_bytes": 18338166784, "cuda_peak_reserved_bytes": 22162702336, "rss_bytes": 4078649344}}
{"concurrency": 16, "wave": 27, "elapsed_s": 190.69771915115416, "complete_eos": 393, "cancelled": 39, "memory": {"cuda_allocated_bytes": 16327278080, "cuda_reserved_bytes": 22162702336, "cuda_peak_allocated_bytes": 18338166784, "cuda_peak_reserved_bytes": 22162702336, "rss_bytes": 4079104000}}
{"concurrency": 16, "wave": 28, "elapsed_s": 197.36836499907076, "complete_eos": 408, "cancelled": 40, "memory": {"cuda_allocated_bytes": 16327278080, "cuda_reserved_bytes": 22162702336, "cuda_peak_allocated_bytes": 18338166784, "cuda_peak_reserved_bytes": 22162702336, "rss_bytes": 4079673344}}
{"concurrency": 16, "wave": 29, "elapsed_s": 202.8162847775966, "complete_eos": 422, "cancelled": 42, "memory": {"cuda_allocated_bytes": 16327278080, "cuda_reserved_bytes": 22162702336, "cuda_peak_allocated_bytes": 18338166784, "cuda_peak_reserved_bytes": 22162702336, "rss_bytes": 4079677440}}
{"concurrency": 16, "wave": 30, "elapsed_s": 210.2136472798884, "complete_eos": 437, "cancelled": 43, "memory": {"cuda_allocated_bytes": 16327278080, "cuda_reserved_bytes": 22162702336, "cuda_peak_allocated_bytes": 18338166784, "cuda_peak_reserved_bytes": 22162702336, "rss_bytes": 4079677440}}
{"concurrency": 16, "wave": 31, "elapsed_s": 217.03374667093158, "complete_eos": 451, "cancelled": 45, "memory": {"cuda_allocated_bytes": 16327278080, "cuda_reserved_bytes": 22162702336, "cuda_peak_allocated_bytes": 18338166784, "cuda_peak_reserved_bytes": 22162702336, "rss_bytes": 4080320512}}
{"concurrency": 16, "wave": 32, "elapsed_s": 225.2152789272368, "complete_eos": 466, "cancelled": 46, "memory": {"cuda_allocated_bytes": 16327278080, "cuda_reserved_bytes": 22162702336, "cuda_peak_allocated_bytes": 18338166784, "cuda_peak_reserved_bytes": 22162702336, "rss_bytes": 4080361472}}
{"concurrency": 16, "wave": 33, "elapsed_s": 232.6741875447333, "complete_eos": 480, "cancelled": 48, "memory": {"cuda_allocated_bytes": 16327278080, "cuda_reserved_bytes": 22162702336, "cuda_peak_allocated_bytes": 18338166784, "cuda_peak_reserved_bytes": 22162702336, "rss_bytes": 4080640000}}
{"concurrency": 16, "wave": 34, "elapsed_s": 240.97343998402357, "complete_eos": 495, "cancelled": 49, "memory": {"cuda_allocated_bytes": 16327278080, "cuda_reserved_bytes": 22162702336, "cuda_peak_allocated_bytes": 18338166784, "cuda_peak_reserved_bytes": 22162702336, "rss_bytes": 4081483776}}
{"concurrency": 16, "wave": 35, "elapsed_s": 248.12780056335032, "complete_eos": 510, "cancelled": 50, "memory": {"cuda_allocated_bytes": 16327278080, "cuda_reserved_bytes": 22162702336, "cuda_peak_allocated_bytes": 18338166784, "cuda_peak_reserved_bytes": 22162702336, "rss_bytes": 4081483776}}
{"concurrency": 16, "wave": 36, "elapsed_s": 254.45223248936236, "complete_eos": 524, "cancelled": 52, "memory": {"cuda_allocated_bytes": 16327278080, "cuda_reserved_bytes": 22162702336, "cuda_peak_allocated_bytes": 18338166784, "cuda_peak_reserved_bytes": 22162702336, "rss_bytes": 4081582080}}
{"concurrency": 16, "wave": 37, "elapsed_s": 260.71058234758675, "complete_eos": 539, "cancelled": 53, "memory": {"cuda_allocated_bytes": 16327278080, "cuda_reserved_bytes": 22162702336, "cuda_peak_allocated_bytes": 18338166784, "cuda_peak_reserved_bytes": 22162702336, "rss_bytes": 4081582080}}
{"concurrency": 16, "wave": 38, "elapsed_s": 268.19879119843245, "complete_eos": 553, "cancelled": 55, "memory": {"cuda_allocated_bytes": 16327278080, "cuda_reserved_bytes": 22162702336, "cuda_peak_allocated_bytes": 18338166784, "cuda_peak_reserved_bytes": 22162702336, "rss_bytes": 4081586176}}
{"concurrency": 16, "wave": 39, "elapsed_s": 276.63694748841226, "complete_eos": 568, "cancelled": 56, "memory": {"cuda_allocated_bytes": 16327278080, "cuda_reserved_bytes": 22162702336, "cuda_peak_allocated_bytes": 18338166784, "cuda_peak_reserved_bytes": 22162702336, "rss_bytes": 4082098176}}
{"concurrency": 16, "wave": 40, "elapsed_s": 283.528175143525, "complete_eos": 582, "cancelled": 58, "memory": {"cuda_allocated_bytes": 16327278080, "cuda_reserved_bytes": 22162702336, "cuda_peak_allocated_bytes": 18338166784, "cuda_peak_reserved_bytes": 22162702336, "rss_bytes": 4082098176}}
{"concurrency": 16, "wave": 41, "elapsed_s": 291.254993237555, "complete_eos": 597, "cancelled": 59, "memory": {"cuda_allocated_bytes": 16327278080, "cuda_reserved_bytes": 22162702336, "cuda_peak_allocated_bytes": 18338166784, "cuda_peak_reserved_bytes": 22162702336, "rss_bytes": 4082282496}}
{"concurrency": 16, "wave": 42, "elapsed_s": 299.3128918707371, "complete_eos": 611, "cancelled": 61, "memory": {"cuda_allocated_bytes": 16327278080, "cuda_reserved_bytes": 22162702336, "cuda_peak_allocated_bytes": 18338166784, "cuda_peak_reserved_bytes": 22162702336, "rss_bytes": 4082728960}}
{"concurrency": 16, "wave": 43, "elapsed_s": 306.4777031354606, "complete_eos": 626, "cancelled": 62, "memory": {"cuda_allocated_bytes": 16327831040, "cuda_reserved_bytes": 22162702336, "cuda_peak_allocated_bytes": 18338166784, "cuda_peak_reserved_bytes": 22162702336, "rss_bytes": 4082728960}}
{"concurrency": 16, "wave": 44, "elapsed_s": 313.9182797577232, "complete_eos": 640, "cancelled": 64, "memory": {"cuda_allocated_bytes": 16327278080, "cuda_reserved_bytes": 22162702336, "cuda_peak_allocated_bytes": 18338166784, "cuda_peak_reserved_bytes": 22162702336, "rss_bytes": 4082728960}}
{"concurrency": 16, "wave": 45, "elapsed_s": 319.6430761106312, "complete_eos": 655, "cancelled": 65, "memory": {"cuda_allocated_bytes": 16327278080, "cuda_reserved_bytes": 22162702336, "cuda_peak_allocated_bytes": 18338166784, "cuda_peak_reserved_bytes": 22162702336, "rss_bytes": 4082745344}}
{"concurrency": 16, "wave": 46, "elapsed_s": 325.857834558934, "complete_eos": 670, "cancelled": 66, "memory": {"cuda_allocated_bytes": 16327278080, "cuda_reserved_bytes": 22162702336, "cuda_peak_allocated_bytes": 18338166784, "cuda_peak_reserved_bytes": 22162702336, "rss_bytes": 4083269632}}
{"concurrency": 16, "wave": 47, "elapsed_s": 331.51432228833437, "complete_eos": 684, "cancelled": 68, "memory": {"cuda_allocated_bytes": 16327278080, "cuda_reserved_bytes": 22162702336, "cuda_peak_allocated_bytes": 18338166784, "cuda_peak_reserved_bytes": 22162702336, "rss_bytes": 4083269632}}
{"concurrency": 16, "wave": 48, "elapsed_s": 337.2711070086807, "complete_eos": 699, "cancelled": 69, "memory": {"cuda_allocated_bytes": 16328076800, "cuda_reserved_bytes": 22162702336, "cuda_peak_allocated_bytes": 18338166784, "cuda_peak_reserved_bytes": 22162702336, "rss_bytes": 4083273728}}
{"concurrency": 16, "wave": 49, "elapsed_s": 343.89943951927125, "complete_eos": 713, "cancelled": 71, "memory": {"cuda_allocated_bytes": 16327278080, "cuda_reserved_bytes": 22162702336, "cuda_peak_allocated_bytes": 18338166784, "cuda_peak_reserved_bytes": 22162702336, "rss_bytes": 4083273728}}
{"concurrency": 16, "wave": 50, "elapsed_s": 351.60451054386795, "complete_eos": 728, "cancelled": 72, "memory": {"cuda_allocated_bytes": 16327278080, "cuda_reserved_bytes": 22162702336, "cuda_peak_allocated_bytes": 18338166784, "cuda_peak_reserved_bytes": 22162702336, "rss_bytes": 4083884032}}
{"concurrency": 16, "wave": 51, "elapsed_s": 359.11409867182374, "complete_eos": 742, "cancelled": 74, "memory": {"cuda_allocated_bytes": 16327278080, "cuda_reserved_bytes": 22162702336, "cuda_peak_allocated_bytes": 18338166784, "cuda_peak_reserved_bytes": 22162702336, "rss_bytes": 4083884032}}
{"concurrency": 16, "wave": 52, "elapsed_s": 366.69262585788965, "complete_eos": 757, "cancelled": 75, "memory": {"cuda_allocated_bytes": 16327278080, "cuda_reserved_bytes": 22162702336, "cuda_peak_allocated_bytes": 18338166784, "cuda_peak_reserved_bytes": 22162702336, "rss_bytes": 4083884032}}
{"concurrency": 16, "wave": 53, "elapsed_s": 374.54148253425956, "complete_eos": 771, "cancelled": 77, "memory": {"cuda_allocated_bytes": 16327278080, "cuda_reserved_bytes": 22162702336, "cuda_peak_allocated_bytes": 18338166784, "cuda_peak_reserved_bytes": 22162702336, "rss_bytes": 4083884032}}
{"concurrency": 16, "wave": 54, "elapsed_s": 383.6148003824055, "complete_eos": 786, "cancelled": 78, "memory": {"cuda_allocated_bytes": 16327278080, "cuda_reserved_bytes": 22162702336, "cuda_peak_allocated_bytes": 18338166784, "cuda_peak_reserved_bytes": 22162702336, "rss_bytes": 4083945472}}
{"concurrency": 16, "wave": 55, "elapsed_s": 392.161988215521, "complete_eos": 800, "cancelled": 80, "memory": {"cuda_allocated_bytes": 16327278080, "cuda_reserved_bytes": 22162702336, "cuda_peak_allocated_bytes": 18338166784, "cuda_peak_reserved_bytes": 22162702336, "rss_bytes": 4084502528}}
{"concurrency": 16, "wave": 56, "elapsed_s": 399.67006376199424, "complete_eos": 815, "cancelled": 81, "memory": {"cuda_allocated_bytes": 16327278080, "cuda_reserved_bytes": 22162702336, "cuda_peak_allocated_bytes": 18338166784, "cuda_peak_reserved_bytes": 22162702336, "rss_bytes": 4084502528}}
{"concurrency": 16, "wave": 57, "elapsed_s": 407.4922607373446, "complete_eos": 830, "cancelled": 82, "memory": {"cuda_allocated_bytes": 16327278080, "cuda_reserved_bytes": 22162702336, "cuda_peak_allocated_bytes": 18338166784, "cuda_peak_reserved_bytes": 22162702336, "rss_bytes": 4084502528}}
{"concurrency": 16, "wave": 58, "elapsed_s": 415.9394629802555, "complete_eos": 844, "cancelled": 84, "memory": {"cuda_allocated_bytes": 16327278080, "cuda_reserved_bytes": 22162702336, "cuda_peak_allocated_bytes": 18338166784, "cuda_peak_reserved_bytes": 22162702336, "rss_bytes": 4084957184}}
{"concurrency": 16, "wave": 59, "elapsed_s": 422.0679644886404, "complete_eos": 859, "cancelled": 85, "memory": {"cuda_allocated_bytes": 16327278080, "cuda_reserved_bytes": 22162702336, "cuda_peak_allocated_bytes": 18338166784, "cuda_peak_reserved_bytes": 22162702336, "rss_bytes": 4084957184}}
{"concurrency": 16, "wave": 60, "elapsed_s": 429.7235279381275, "complete_eos": 873, "cancelled": 87, "memory": {"cuda_allocated_bytes": 16327278080, "cuda_reserved_bytes": 22162702336, "cuda_peak_allocated_bytes": 18338166784, "cuda_peak_reserved_bytes": 22162702336, "rss_bytes": 4084965376}}
{"concurrency": 16, "wave": 61, "elapsed_s": 437.0927025973797, "complete_eos": 888, "cancelled": 88, "memory": {"cuda_allocated_bytes": 16327278080, "cuda_reserved_bytes": 22162702336, "cuda_peak_allocated_bytes": 18338166784, "cuda_peak_reserved_bytes": 22162702336, "rss_bytes": 4084969472}}
{"concurrency": 16, "wave": 62, "elapsed_s": 443.248825090006, "complete_eos": 902, "cancelled": 90, "memory": {"cuda_allocated_bytes": 16327278080, "cuda_reserved_bytes": 22162702336, "cuda_peak_allocated_bytes": 18338166784, "cuda_peak_reserved_bytes": 22162702336, "rss_bytes": 4084969472}}
{"concurrency": 16, "wave": 63, "elapsed_s": 448.79733445867896, "complete_eos": 917, "cancelled": 91, "memory": {"cuda_allocated_bytes": 16327278080, "cuda_reserved_bytes": 22162702336, "cuda_peak_allocated_bytes": 18338166784, "cuda_peak_reserved_bytes": 22162702336, "rss_bytes": 4085239808}}
{"concurrency": 16, "wave": 64, "elapsed_s": 453.77235007472336, "complete_eos": 931, "cancelled": 93, "memory": {"cuda_allocated_bytes": 16327278080, "cuda_reserved_bytes": 22162702336, "cuda_peak_allocated_bytes": 18338166784, "cuda_peak_reserved_bytes": 22162702336, "rss_bytes": 4085301248}}
{"concurrency": 16, "wave": 65, "elapsed_s": 462.35974195599556, "complete_eos": 946, "cancelled": 94, "memory": {"cuda_allocated_bytes": 16327278080, "cuda_reserved_bytes": 22162702336, "cuda_peak_allocated_bytes": 18338166784, "cuda_peak_reserved_bytes": 22162702336, "rss_bytes": 4085301248}}
{"concurrency": 16, "wave": 66, "elapsed_s": 471.099451508373, "complete_eos": 960, "cancelled": 96, "memory": {"cuda_allocated_bytes": 16327278080, "cuda_reserved_bytes": 22162702336, "cuda_peak_allocated_bytes": 18338166784, "cuda_peak_reserved_bytes": 22162702336, "rss_bytes": 4085813248}}
{"concurrency": 16, "wave": 67, "elapsed_s": 478.22856069356203, "complete_eos": 975, "cancelled": 97, "memory": {"cuda_allocated_bytes": 16327278080, "cuda_reserved_bytes": 22162702336, "cuda_peak_allocated_bytes": 18338166784, "cuda_peak_reserved_bytes": 22162702336, "rss_bytes": 4085813248}}
{"concurrency": 16, "wave": 68, "elapsed_s": 484.5030207373202, "complete_eos": 990, "cancelled": 98, "memory": {"cuda_allocated_bytes": 16327278080, "cuda_reserved_bytes": 22162702336, "cuda_peak_allocated_bytes": 18338166784, "cuda_peak_reserved_bytes": 22162702336, "rss_bytes": 4085821440}}
{"concurrency": 16, "wave": 69, "elapsed_s": 490.7358846627176, "complete_eos": 1004, "cancelled": 100, "memory": {"cuda_allocated_bytes": 16327278080, "cuda_reserved_bytes": 22162702336, "cuda_peak_allocated_bytes": 18338166784, "cuda_peak_reserved_bytes": 22162702336, "rss_bytes": 4085923840}}
{"concurrency": 16, "wave": 70, "elapsed_s": 498.40441294386983, "complete_eos": 1019, "cancelled": 101, "memory": {"cuda_allocated_bytes": 16327278080, "cuda_reserved_bytes": 22162702336, "cuda_peak_allocated_bytes": 18338166784, "cuda_peak_reserved_bytes": 22162702336, "rss_bytes": 4085927936}}
{"concurrency": 16, "wave": 71, "elapsed_s": 505.9550253637135, "complete_eos": 1033, "cancelled": 103, "memory": {"cuda_allocated_bytes": 16327278080, "cuda_reserved_bytes": 22162702336, "cuda_peak_allocated_bytes": 18338166784, "cuda_peak_reserved_bytes": 22162702336, "rss_bytes": 4085927936}}
{"concurrency": 16, "wave": 72, "elapsed_s": 513.1548363585025, "complete_eos": 1048, "cancelled": 104, "memory": {"cuda_allocated_bytes": 16327278080, "cuda_reserved_bytes": 22162702336, "cuda_peak_allocated_bytes": 18338166784, "cuda_peak_reserved_bytes": 22162702336, "rss_bytes": 4085952512}}
{"concurrency": 16, "wave": 73, "elapsed_s": 519.237609339878, "complete_eos": 1062, "cancelled": 106, "memory": {"cuda_allocated_bytes": 16327278080, "cuda_reserved_bytes": 22162702336, "cuda_peak_allocated_bytes": 18338166784, "cuda_peak_reserved_bytes": 22162702336, "rss_bytes": 4086255616}}
{"concurrency": 16, "wave": 74, "elapsed_s": 526.7353082802147, "complete_eos": 1077, "cancelled": 107, "memory": {"cuda_allocated_bytes": 16327278080, "cuda_reserved_bytes": 22162702336, "cuda_peak_allocated_bytes": 18338166784, "cuda_peak_reserved_bytes": 22162702336, "rss_bytes": 4086800384}}
{"concurrency": 16, "wave": 75, "elapsed_s": 532.6391210705042, "complete_eos": 1091, "cancelled": 109, "memory": {"cuda_allocated_bytes": 16327278080, "cuda_reserved_bytes": 22162702336, "cuda_peak_allocated_bytes": 18338166784, "cuda_peak_reserved_bytes": 22162702336, "rss_bytes": 4087263232}}
{"concurrency": 16, "wave": 76, "elapsed_s": 539.8263197857887, "complete_eos": 1106, "cancelled": 110, "memory": {"cuda_allocated_bytes": 16327278080, "cuda_reserved_bytes": 22162702336, "cuda_peak_allocated_bytes": 18338166784, "cuda_peak_reserved_bytes": 22162702336, "rss_bytes": 4087263232}}
{"concurrency": 16, "wave": 77, "elapsed_s": 546.4050675667822, "complete_eos": 1120, "cancelled": 112, "memory": {"cuda_allocated_bytes": 16327278080, "cuda_reserved_bytes": 22162702336, "cuda_peak_allocated_bytes": 18338166784, "cuda_peak_reserved_bytes": 22162702336, "rss_bytes": 4087263232}}
{"concurrency": 16, "wave": 78, "elapsed_s": 553.2378334049135, "complete_eos": 1135, "cancelled": 113, "memory": {"cuda_allocated_bytes": 16327278080, "cuda_reserved_bytes": 22162702336, "cuda_peak_allocated_bytes": 18338166784, "cuda_peak_reserved_bytes": 22162702336, "rss_bytes": 4087324672}}
{"concurrency": 16, "wave": 79, "elapsed_s": 560.5620550308377, "complete_eos": 1150, "cancelled": 114, "memory": {"cuda_allocated_bytes": 16327278080, "cuda_reserved_bytes": 22162702336, "cuda_peak_allocated_bytes": 18338166784, "cuda_peak_reserved_bytes": 22162702336, "rss_bytes": 4087758848}}
{"concurrency": 16, "wave": 80, "elapsed_s": 566.2724317535758, "complete_eos": 1164, "cancelled": 116, "memory": {"cuda_allocated_bytes": 16327278080, "cuda_reserved_bytes": 22162702336, "cuda_peak_allocated_bytes": 18338166784, "cuda_peak_reserved_bytes": 22162702336, "rss_bytes": 4088090624}}
{"concurrency": 16, "wave": 81, "elapsed_s": 572.68836270459, "complete_eos": 1179, "cancelled": 117, "memory": {"cuda_allocated_bytes": 16327831040, "cuda_reserved_bytes": 22162702336, "cuda_peak_allocated_bytes": 18338166784, "cuda_peak_reserved_bytes": 22162702336, "rss_bytes": 4088098816}}
{"concurrency": 16, "wave": 82, "elapsed_s": 581.5257804822177, "complete_eos": 1193, "cancelled": 119, "memory": {"cuda_allocated_bytes": 16327278080, "cuda_reserved_bytes": 22162702336, "cuda_peak_allocated_bytes": 18338166784, "cuda_peak_reserved_bytes": 22162702336, "rss_bytes": 4088188928}}
{"concurrency": 16, "wave": 83, "elapsed_s": 588.5032549649477, "complete_eos": 1208, "cancelled": 120, "memory": {"cuda_allocated_bytes": 16327278080, "cuda_reserved_bytes": 22162702336, "cuda_peak_allocated_bytes": 18338166784, "cuda_peak_reserved_bytes": 22162702336, "rss_bytes": 4088385536}}
{"concurrency": 16, "wave": 84, "elapsed_s": 595.8208507988602, "complete_eos": 1222, "cancelled": 122, "memory": {"cuda_allocated_bytes": 16327278080, "cuda_reserved_bytes": 22162702336, "cuda_peak_allocated_bytes": 18338166784, "cuda_peak_reserved_bytes": 22162702336, "rss_bytes": 4089151488}}
{"concurrency": 16, "wave": 85, "elapsed_s": 603.780794473365, "complete_eos": 1237, "cancelled": 123, "memory": {"cuda_allocated_bytes": 16327278080, "cuda_reserved_bytes": 22162702336, "cuda_peak_allocated_bytes": 18338166784, "cuda_peak_reserved_bytes": 22162702336, "rss_bytes": 4089151488}}
