Building wheel...
running bdist_wheel
running build
running build_py
copying src/acc_infer_clear/runtime/pool.py -> build/lib/acc_infer_clear/runtime
copying src/acc_infer_clear/runtime/indextts2/device_round.py -> build/lib/acc_infer_clear/runtime/indextts2
copying src/acc_infer_clear/runtime/indextts2/slot_target.py -> build/lib/acc_infer_clear/runtime/indextts2
copying src/acc_infer_clear/ops/tensorrt/native113.py -> build/lib/acc_infer_clear/ops/tensorrt
running egg_info
writing src/acc_infer_clear_optimized.egg-info/PKG-INFO
writing dependency_links to src/acc_infer_clear_optimized.egg-info/dependency_links.txt
writing entry points to src/acc_infer_clear_optimized.egg-info/entry_points.txt
writing requirements to src/acc_infer_clear_optimized.egg-info/requires.txt
writing top-level names to src/acc_infer_clear_optimized.egg-info/top_level.txt
reading manifest file 'src/acc_infer_clear_optimized.egg-info/SOURCES.txt'
writing manifest file 'src/acc_infer_clear_optimized.egg-info/SOURCES.txt'
installing to build/bdist.linux-x86_64/wheel
running install
running install_lib
creating build/bdist.linux-x86_64/wheel
creating build/bdist.linux-x86_64/wheel/acc_infer_clear
creating build/bdist.linux-x86_64/wheel/acc_infer_clear/runtime
copying build/lib/acc_infer_clear/runtime/assets.py -> build/bdist.linux-x86_64/wheel/./acc_infer_clear/runtime
copying build/lib/acc_infer_clear/runtime/pool.py -> build/bdist.linux-x86_64/wheel/./acc_infer_clear/runtime
creating build/bdist.linux-x86_64/wheel/acc_infer_clear/runtime/indextts2
copying build/lib/acc_infer_clear/runtime/indextts2/batch_pcg.py -> build/bdist.linux-x86_64/wheel/./acc_infer_clear/runtime/indextts2
copying build/lib/acc_infer_clear/runtime/indextts2/proposal.py -> build/bdist.linux-x86_64/wheel/./acc_infer_clear/runtime/indextts2
copying build/lib/acc_infer_clear/runtime/indextts2/batch_draft.py -> build/bdist.linux-x86_64/wheel/./acc_infer_clear/runtime/indextts2
copying build/lib/acc_infer_clear/runtime/indextts2/slot_draft.py -> build/bdist.linux-x86_64/wheel/./acc_infer_clear/runtime/indextts2
copying build/lib/acc_infer_clear/runtime/indextts2/device_round.py -> build/bdist.linux-x86_64/wheel/./acc_infer_clear/runtime/indextts2
copying build/lib/acc_infer_clear/runtime/indextts2/batch_context.py -> build/bdist.linux-x86_64/wheel/./acc_infer_clear/runtime/indextts2
copying build/lib/acc_infer_clear/runtime/indextts2/core.py -> build/bdist.linux-x86_64/wheel/./acc_infer_clear/runtime/indextts2
copying build/lib/acc_infer_clear/runtime/indextts2/batch_latent.py -> build/bdist.linux-x86_64/wheel/./acc_infer_clear/runtime/indextts2
copying build/lib/acc_infer_clear/runtime/indextts2/__init__.py -> build/bdist.linux-x86_64/wheel/./acc_infer_clear/runtime/indextts2
copying build/lib/acc_infer_clear/runtime/indextts2/runtime.py -> build/bdist.linux-x86_64/wheel/./acc_infer_clear/runtime/indextts2
copying build/lib/acc_infer_clear/runtime/indextts2/slot_target.py -> build/bdist.linux-x86_64/wheel/./acc_infer_clear/runtime/indextts2
copying build/lib/acc_infer_clear/runtime/indextts2/batch_target.py -> build/bdist.linux-x86_64/wheel/./acc_infer_clear/runtime/indextts2
copying build/lib/acc_infer_clear/runtime/state.py -> build/bdist.linux-x86_64/wheel/./acc_infer_clear/runtime
copying build/lib/acc_infer_clear/runtime/prefix_graphs.py -> build/bdist.linux-x86_64/wheel/./acc_infer_clear/runtime
copying build/lib/acc_infer_clear/runtime/engine.py -> build/bdist.linux-x86_64/wheel/./acc_infer_clear/runtime
copying build/lib/acc_infer_clear/runtime/graphs.py -> build/bdist.linux-x86_64/wheel/./acc_infer_clear/runtime
copying build/lib/acc_infer_clear/runtime/config.py -> build/bdist.linux-x86_64/wheel/./acc_infer_clear/runtime
copying build/lib/acc_infer_clear/runtime/__init__.py -> build/bdist.linux-x86_64/wheel/./acc_infer_clear/runtime
copying build/lib/acc_infer_clear/runtime/splitter.py -> build/bdist.linux-x86_64/wheel/./acc_infer_clear/runtime
copying build/lib/acc_infer_clear/runtime/device.py -> build/bdist.linux-x86_64/wheel/./acc_infer_clear/runtime
copying build/lib/acc_infer_clear/runtime/deployment.py -> build/bdist.linux-x86_64/wheel/./acc_infer_clear/runtime
copying build/lib/acc_infer_clear/runtime/cleanup.py -> build/bdist.linux-x86_64/wheel/./acc_infer_clear/runtime
creating build/bdist.linux-x86_64/wheel/acc_infer_clear/runtime/prefix_padding
copying build/lib/acc_infer_clear/runtime/prefix_padding/deploy.py -> build/bdist.linux-x86_64/wheel/./acc_infer_clear/runtime/prefix_padding
copying build/lib/acc_infer_clear/runtime/prefix_padding/lab.py -> build/bdist.linux-x86_64/wheel/./acc_infer_clear/runtime/prefix_padding
copying build/lib/acc_infer_clear/runtime/prefix_padding/__init__.py -> build/bdist.linux-x86_64/wheel/./acc_infer_clear/runtime/prefix_padding
copying build/lib/acc_infer_clear/runtime/graph_policy.py -> build/bdist.linux-x86_64/wheel/./acc_infer_clear/runtime
creating build/bdist.linux-x86_64/wheel/acc_infer_clear/guardrails
copying build/lib/acc_infer_clear/guardrails/numerics.py -> build/bdist.linux-x86_64/wheel/./acc_infer_clear/guardrails
copying build/lib/acc_infer_clear/guardrails/gates.py -> build/bdist.linux-x86_64/wheel/./acc_infer_clear/guardrails
copying build/lib/acc_infer_clear/guardrails/__init__.py -> build/bdist.linux-x86_64/wheel/./acc_infer_clear/guardrails
copying build/lib/acc_infer_clear/guardrails/snapshots.py -> build/bdist.linux-x86_64/wheel/./acc_infer_clear/guardrails
copying build/lib/acc_infer_clear/guardrails/quality.py -> build/bdist.linux-x86_64/wheel/./acc_infer_clear/guardrails
copying build/lib/acc_infer_clear/guardrails/online.py -> build/bdist.linux-x86_64/wheel/./acc_infer_clear/guardrails
creating build/bdist.linux-x86_64/wheel/acc_infer_clear/api
copying build/lib/acc_infer_clear/api/protocol.py -> build/bdist.linux-x86_64/wheel/./acc_infer_clear/api
copying build/lib/acc_infer_clear/api/cli.py -> build/bdist.linux-x86_64/wheel/./acc_infer_clear/api
copying build/lib/acc_infer_clear/api/__init__.py -> build/bdist.linux-x86_64/wheel/./acc_infer_clear/api
creating build/bdist.linux-x86_64/wheel/acc_infer_clear/quantization
copying build/lib/acc_infer_clear/quantization/weights.py -> build/bdist.linux-x86_64/wheel/./acc_infer_clear/quantization
copying build/lib/acc_infer_clear/quantization/precision.py -> build/bdist.linux-x86_64/wheel/./acc_infer_clear/quantization
copying build/lib/acc_infer_clear/quantization/__init__.py -> build/bdist.linux-x86_64/wheel/./acc_infer_clear/quantization
copying build/lib/acc_infer_clear/config.py -> build/bdist.linux-x86_64/wheel/./acc_infer_clear
copying build/lib/acc_infer_clear/cli.py -> build/bdist.linux-x86_64/wheel/./acc_infer_clear
copying build/lib/acc_infer_clear/__init__.py -> build/bdist.linux-x86_64/wheel/./acc_infer_clear
creating build/bdist.linux-x86_64/wheel/acc_infer_clear/models
creating build/bdist.linux-x86_64/wheel/acc_infer_clear/models/indextts2
copying build/lib/acc_infer_clear/models/indextts2/batch_frontend.py -> build/bdist.linux-x86_64/wheel/./acc_infer_clear/models/indextts2
creating build/bdist.linux-x86_64/wheel/acc_infer_clear/models/indextts2/cfm
copying build/lib/acc_infer_clear/models/indextts2/cfm/__init__.py -> build/bdist.linux-x86_64/wheel/./acc_infer_clear/models/indextts2/cfm
copying build/lib/acc_infer_clear/models/indextts2/cfm/solver.py -> build/bdist.linux-x86_64/wheel/./acc_infer_clear/models/indextts2/cfm
creating build/bdist.linux-x86_64/wheel/acc_infer_clear/models/indextts2/dspark
copying build/lib/acc_infer_clear/models/indextts2/dspark/logic.py -> build/bdist.linux-x86_64/wheel/./acc_infer_clear/models/indextts2/dspark
copying build/lib/acc_infer_clear/models/indextts2/dspark/target.py -> build/bdist.linux-x86_64/wheel/./acc_infer_clear/models/indextts2/dspark
copying build/lib/acc_infer_clear/models/indextts2/dspark/__init__.py -> build/bdist.linux-x86_64/wheel/./acc_infer_clear/models/indextts2/dspark
copying build/lib/acc_infer_clear/models/indextts2/dspark/draft.py -> build/bdist.linux-x86_64/wheel/./acc_infer_clear/models/indextts2/dspark
copying build/lib/acc_infer_clear/models/indextts2/dspark/dynamic_conv.py -> build/bdist.linux-x86_64/wheel/./acc_infer_clear/models/indextts2/dspark
creating build/bdist.linux-x86_64/wheel/acc_infer_clear/models/indextts2/upstream
copying build/lib/acc_infer_clear/models/indextts2/upstream/infer_v2.py -> build/bdist.linux-x86_64/wheel/./acc_infer_clear/models/indextts2/upstream
creating build/bdist.linux-x86_64/wheel/acc_infer_clear/models/indextts2/upstream/utils
creating build/bdist.linux-x86_64/wheel/acc_infer_clear/models/indextts2/upstream/utils/maskgct
copying build/lib/acc_infer_clear/models/indextts2/upstream/utils/maskgct/__init__.py -> build/bdist.linux-x86_64/wheel/./acc_infer_clear/models/indextts2/upstream/utils/maskgct
creating build/bdist.linux-x86_64/wheel/acc_infer_clear/models/indextts2/upstream/utils/maskgct/models
creating build/bdist.linux-x86_64/wheel/acc_infer_clear/models/indextts2/upstream/utils/maskgct/models/codec
creating build/bdist.linux-x86_64/wheel/acc_infer_clear/models/indextts2/upstream/utils/maskgct/models/codec/amphion_codec
creating build/bdist.linux-x86_64/wheel/acc_infer_clear/models/indextts2/upstream/utils/maskgct/models/codec/amphion_codec/quantize
copying build/lib/acc_infer_clear/models/indextts2/upstream/utils/maskgct/models/codec/amphion_codec/quantize/__init__.py -> build/bdist.linux-x86_64/wheel/./acc_infer_clear/models/indextts2/upstream/utils/maskgct/models/codec/amphion_codec/quantize
copying build/lib/acc_infer_clear/models/indextts2/upstream/utils/maskgct/models/codec/amphion_codec/quantize/vector_quantize.py -> build/bdist.linux-x86_64/wheel/./acc_infer_clear/models/indextts2/upstream/utils/maskgct/models/codec/amphion_codec/quantize
copying build/lib/acc_infer_clear/models/indextts2/upstream/utils/maskgct/models/codec/amphion_codec/quantize/factorized_vector_quantize.py -> build/bdist.linux-x86_64/wheel/./acc_infer_clear/models/indextts2/upstream/utils/maskgct/models/codec/amphion_codec/quantize
copying build/lib/acc_infer_clear/models/indextts2/upstream/utils/maskgct/models/codec/amphion_codec/quantize/residual_vq.py -> build/bdist.linux-x86_64/wheel/./acc_infer_clear/models/indextts2/upstream/utils/maskgct/models/codec/amphion_codec/quantize
copying build/lib/acc_infer_clear/models/indextts2/upstream/utils/maskgct/models/codec/amphion_codec/quantize/lookup_free_quantize.py -> build/bdist.linux-x86_64/wheel/./acc_infer_clear/models/indextts2/upstream/utils/maskgct/models/codec/amphion_codec/quantize
copying build/lib/acc_infer_clear/models/indextts2/upstream/utils/maskgct/models/codec/amphion_codec/__init__.py -> build/bdist.linux-x86_64/wheel/./acc_infer_clear/models/indextts2/upstream/utils/maskgct/models/codec/amphion_codec
copying build/lib/acc_infer_clear/models/indextts2/upstream/utils/maskgct/models/codec/__init__.py -> build/bdist.linux-x86_64/wheel/./acc_infer_clear/models/indextts2/upstream/utils/maskgct/models/codec
creating build/bdist.linux-x86_64/wheel/acc_infer_clear/models/indextts2/upstream/utils/maskgct/models/codec/kmeans
copying build/lib/acc_infer_clear/models/indextts2/upstream/utils/maskgct/models/codec/kmeans/vocos.py -> build/bdist.linux-x86_64/wheel/./acc_infer_clear/models/indextts2/upstream/utils/maskgct/models/codec/kmeans
copying build/lib/acc_infer_clear/models/indextts2/upstream/utils/maskgct/models/codec/kmeans/__init__.py -> build/bdist.linux-x86_64/wheel/./acc_infer_clear/models/indextts2/upstream/utils/maskgct/models/codec/kmeans
copying build/lib/acc_infer_clear/models/indextts2/upstream/utils/maskgct/models/codec/kmeans/repcodec_model.py -> build/bdist.linux-x86_64/wheel/./acc_infer_clear/models/indextts2/upstream/utils/maskgct/models/codec/kmeans
copying build/lib/acc_infer_clear/models/indextts2/upstream/utils/maskgct/models/__init__.py -> build/bdist.linux-x86_64/wheel/./acc_infer_clear/models/indextts2/upstream/utils/maskgct/models
copying build/lib/acc_infer_clear/models/indextts2/upstream/utils/tokenizer.py -> build/bdist.linux-x86_64/wheel/./acc_infer_clear/models/indextts2/upstream/utils
copying build/lib/acc_infer_clear/models/indextts2/upstream/utils/checkpoint.py -> build/bdist.linux-x86_64/wheel/./acc_infer_clear/models/indextts2/upstream/utils
copying build/lib/acc_infer_clear/models/indextts2/upstream/utils/typical_sampling.py -> build/bdist.linux-x86_64/wheel/./acc_infer_clear/models/indextts2/upstream/utils
copying build/lib/acc_infer_clear/models/indextts2/upstream/utils/xtransformers.py -> build/bdist.linux-x86_64/wheel/./acc_infer_clear/models/indextts2/upstream/utils
copying build/lib/acc_infer_clear/models/indextts2/upstream/utils/front.py -> build/bdist.linux-x86_64/wheel/./acc_infer_clear/models/indextts2/upstream/utils
copying build/lib/acc_infer_clear/models/indextts2/upstream/utils/__init__.py -> build/bdist.linux-x86_64/wheel/./acc_infer_clear/models/indextts2/upstream/utils
copying build/lib/acc_infer_clear/models/indextts2/upstream/utils/arch_util.py -> build/bdist.linux-x86_64/wheel/./acc_infer_clear/models/indextts2/upstream/utils
copying build/lib/acc_infer_clear/models/indextts2/upstream/utils/common.py -> build/bdist.linux-x86_64/wheel/./acc_infer_clear/models/indextts2/upstream/utils
creating build/bdist.linux-x86_64/wheel/acc_infer_clear/models/indextts2/upstream/gpt
copying build/lib/acc_infer_clear/models/indextts2/upstream/gpt/transformers_gpt2.py -> build/bdist.linux-x86_64/wheel/./acc_infer_clear/models/indextts2/upstream/gpt
copying build/lib/acc_infer_clear/models/indextts2/upstream/gpt/perceiver.py -> build/bdist.linux-x86_64/wheel/./acc_infer_clear/models/indextts2/upstream/gpt
copying build/lib/acc_infer_clear/models/indextts2/upstream/gpt/__init__.py -> build/bdist.linux-x86_64/wheel/./acc_infer_clear/models/indextts2/upstream/gpt
copying build/lib/acc_infer_clear/models/indextts2/upstream/gpt/conformer_encoder.py -> build/bdist.linux-x86_64/wheel/./acc_infer_clear/models/indextts2/upstream/gpt
creating build/bdist.linux-x86_64/wheel/acc_infer_clear/models/indextts2/upstream/gpt/conformer
copying build/lib/acc_infer_clear/models/indextts2/upstream/gpt/conformer/attention.py -> build/bdist.linux-x86_64/wheel/./acc_infer_clear/models/indextts2/upstream/gpt/conformer
copying build/lib/acc_infer_clear/models/indextts2/upstream/gpt/conformer/__init__.py -> build/bdist.linux-x86_64/wheel/./acc_infer_clear/models/indextts2/upstream/gpt/conformer
copying build/lib/acc_infer_clear/models/indextts2/upstream/gpt/conformer/embedding.py -> build/bdist.linux-x86_64/wheel/./acc_infer_clear/models/indextts2/upstream/gpt/conformer
copying build/lib/acc_infer_clear/models/indextts2/upstream/gpt/conformer/subsampling.py -> build/bdist.linux-x86_64/wheel/./acc_infer_clear/models/indextts2/upstream/gpt/conformer
copying build/lib/acc_infer_clear/models/indextts2/upstream/gpt/model_v2.py -> build/bdist.linux-x86_64/wheel/./acc_infer_clear/models/indextts2/upstream/gpt
creating build/bdist.linux-x86_64/wheel/acc_infer_clear/models/indextts2/upstream/s2mel
creating build/bdist.linux-x86_64/wheel/acc_infer_clear/models/indextts2/upstream/s2mel/dac
creating build/bdist.linux-x86_64/wheel/acc_infer_clear/models/indextts2/upstream/s2mel/dac/nn
copying build/lib/acc_infer_clear/models/indextts2/upstream/s2mel/dac/nn/__init__.py -> build/bdist.linux-x86_64/wheel/./acc_infer_clear/models/indextts2/upstream/s2mel/dac/nn
copying build/lib/acc_infer_clear/models/indextts2/upstream/s2mel/dac/nn/layers.py -> build/bdist.linux-x86_64/wheel/./acc_infer_clear/models/indextts2/upstream/s2mel/dac/nn
copying build/lib/acc_infer_clear/models/indextts2/upstream/s2mel/dac/nn/quantize.py -> build/bdist.linux-x86_64/wheel/./acc_infer_clear/models/indextts2/upstream/s2mel/dac/nn
copying build/lib/acc_infer_clear/models/indextts2/upstream/s2mel/dac/__init__.py -> build/bdist.linux-x86_64/wheel/./acc_infer_clear/models/indextts2/upstream/s2mel/dac
creating build/bdist.linux-x86_64/wheel/acc_infer_clear/models/indextts2/upstream/s2mel/modules
copying build/lib/acc_infer_clear/models/indextts2/upstream/s2mel/modules/length_regulator.py -> build/bdist.linux-x86_64/wheel/./acc_infer_clear/models/indextts2/upstream/s2mel/modules
copying build/lib/acc_infer_clear/models/indextts2/upstream/s2mel/modules/commons.py -> build/bdist.linux-x86_64/wheel/./acc_infer_clear/models/indextts2/upstream/s2mel/modules
creating build/bdist.linux-x86_64/wheel/acc_infer_clear/models/indextts2/upstream/s2mel/modules/campplus
copying build/lib/acc_infer_clear/models/indextts2/upstream/s2mel/modules/campplus/DTDNN.py -> build/bdist.linux-x86_64/wheel/./acc_infer_clear/models/indextts2/upstream/s2mel/modules/campplus
copying build/lib/acc_infer_clear/models/indextts2/upstream/s2mel/modules/campplus/__init__.py -> build/bdist.linux-x86_64/wheel/./acc_infer_clear/models/indextts2/upstream/s2mel/modules/campplus
copying build/lib/acc_infer_clear/models/indextts2/upstream/s2mel/modules/campplus/layers.py -> build/bdist.linux-x86_64/wheel/./acc_infer_clear/models/indextts2/upstream/s2mel/modules/campplus
creating build/bdist.linux-x86_64/wheel/acc_infer_clear/models/indextts2/upstream/s2mel/modules/bigvgan
copying build/lib/acc_infer_clear/models/indextts2/upstream/s2mel/modules/bigvgan/utils.py -> build/bdist.linux-x86_64/wheel/./acc_infer_clear/models/indextts2/upstream/s2mel/modules/bigvgan
creating build/bdist.linux-x86_64/wheel/acc_infer_clear/models/indextts2/upstream/s2mel/modules/bigvgan/alias_free_activation
copying build/lib/acc_infer_clear/models/indextts2/upstream/s2mel/modules/bigvgan/alias_free_activation/__init__.py -> build/bdist.linux-x86_64/wheel/./acc_infer_clear/models/indextts2/upstream/s2mel/modules/bigvgan/alias_free_activation
creating build/bdist.linux-x86_64/wheel/acc_infer_clear/models/indextts2/upstream/s2mel/modules/bigvgan/alias_free_activation/torch
copying build/lib/acc_infer_clear/models/indextts2/upstream/s2mel/modules/bigvgan/alias_free_activation/torch/act.py -> build/bdist.linux-x86_64/wheel/./acc_infer_clear/models/indextts2/upstream/s2mel/modules/bigvgan/alias_free_activation/torch
copying build/lib/acc_infer_clear/models/indextts2/upstream/s2mel/modules/bigvgan/alias_free_activation/torch/filter.py -> build/bdist.linux-x86_64/wheel/./acc_infer_clear/models/indextts2/upstream/s2mel/modules/bigvgan/alias_free_activation/torch
copying build/lib/acc_infer_clear/models/indextts2/upstream/s2mel/modules/bigvgan/alias_free_activation/torch/__init__.py -> build/bdist.linux-x86_64/wheel/./acc_infer_clear/models/indextts2/upstream/s2mel/modules/bigvgan/alias_free_activation/torch
copying build/lib/acc_infer_clear/models/indextts2/upstream/s2mel/modules/bigvgan/alias_free_activation/torch/resample.py -> build/bdist.linux-x86_64/wheel/./acc_infer_clear/models/indextts2/upstream/s2mel/modules/bigvgan/alias_free_activation/torch
copying build/lib/acc_infer_clear/models/indextts2/upstream/s2mel/modules/bigvgan/activations.py -> build/bdist.linux-x86_64/wheel/./acc_infer_clear/models/indextts2/upstream/s2mel/modules/bigvgan
copying build/lib/acc_infer_clear/models/indextts2/upstream/s2mel/modules/bigvgan/env.py -> build/bdist.linux-x86_64/wheel/./acc_infer_clear/models/indextts2/upstream/s2mel/modules/bigvgan
copying build/lib/acc_infer_clear/models/indextts2/upstream/s2mel/modules/bigvgan/__init__.py -> build/bdist.linux-x86_64/wheel/./acc_infer_clear/models/indextts2/upstream/s2mel/modules/bigvgan
copying build/lib/acc_infer_clear/models/indextts2/upstream/s2mel/modules/bigvgan/meldataset.py -> build/bdist.linux-x86_64/wheel/./acc_infer_clear/models/indextts2/upstream/s2mel/modules/bigvgan
copying build/lib/acc_infer_clear/models/indextts2/upstream/s2mel/modules/bigvgan/bigvgan.py -> build/bdist.linux-x86_64/wheel/./acc_infer_clear/models/indextts2/upstream/s2mel/modules/bigvgan
creating build/bdist.linux-x86_64/wheel/acc_infer_clear/models/indextts2/upstream/s2mel/modules/gpt_fast
copying build/lib/acc_infer_clear/models/indextts2/upstream/s2mel/modules/gpt_fast/model.py -> build/bdist.linux-x86_64/wheel/./acc_infer_clear/models/indextts2/upstream/s2mel/modules/gpt_fast
copying build/lib/acc_infer_clear/models/indextts2/upstream/s2mel/modules/gpt_fast/__init__.py -> build/bdist.linux-x86_64/wheel/./acc_infer_clear/models/indextts2/upstream/s2mel/modules/gpt_fast
copying build/lib/acc_infer_clear/models/indextts2/upstream/s2mel/modules/__init__.py -> build/bdist.linux-x86_64/wheel/./acc_infer_clear/models/indextts2/upstream/s2mel/modules
copying build/lib/acc_infer_clear/models/indextts2/upstream/s2mel/modules/diffusion_transformer.py -> build/bdist.linux-x86_64/wheel/./acc_infer_clear/models/indextts2/upstream/s2mel/modules
copying build/lib/acc_infer_clear/models/indextts2/upstream/s2mel/modules/wavenet.py -> build/bdist.linux-x86_64/wheel/./acc_infer_clear/models/indextts2/upstream/s2mel/modules
copying build/lib/acc_infer_clear/models/indextts2/upstream/s2mel/modules/flow_matching.py -> build/bdist.linux-x86_64/wheel/./acc_infer_clear/models/indextts2/upstream/s2mel/modules
copying build/lib/acc_infer_clear/models/indextts2/upstream/s2mel/modules/encodec.py -> build/bdist.linux-x86_64/wheel/./acc_infer_clear/models/indextts2/upstream/s2mel/modules
copying build/lib/acc_infer_clear/models/indextts2/upstream/s2mel/modules/audio.py -> build/bdist.linux-x86_64/wheel/./acc_infer_clear/models/indextts2/upstream/s2mel/modules
copying build/lib/acc_infer_clear/models/indextts2/upstream/s2mel/__init__.py -> build/bdist.linux-x86_64/wheel/./acc_infer_clear/models/indextts2/upstream/s2mel
creating build/bdist.linux-x86_64/wheel/acc_infer_clear/models/indextts2/upstream/codec
copying build/lib/acc_infer_clear/models/indextts2/upstream/codec/maskgct_codec.py -> build/bdist.linux-x86_64/wheel/./acc_infer_clear/models/indextts2/upstream/codec
copying build/lib/acc_infer_clear/models/indextts2/upstream/codec/__init__.py -> build/bdist.linux-x86_64/wheel/./acc_infer_clear/models/indextts2/upstream/codec
copying build/lib/acc_infer_clear/models/indextts2/upstream/__init__.py -> build/bdist.linux-x86_64/wheel/./acc_infer_clear/models/indextts2/upstream
copying build/lib/acc_infer_clear/models/indextts2/reference.py -> build/bdist.linux-x86_64/wheel/./acc_infer_clear/models/indextts2
copying build/lib/acc_infer_clear/models/indextts2/loader.py -> build/bdist.linux-x86_64/wheel/./acc_infer_clear/models/indextts2
copying build/lib/acc_infer_clear/models/indextts2/__init__.py -> build/bdist.linux-x86_64/wheel/./acc_infer_clear/models/indextts2
copying build/lib/acc_infer_clear/models/indextts2/streaming.py -> build/bdist.linux-x86_64/wheel/./acc_infer_clear/models/indextts2
copying build/lib/acc_infer_clear/models/indextts2/audio.py -> build/bdist.linux-x86_64/wheel/./acc_infer_clear/models/indextts2
creating build/bdist.linux-x86_64/wheel/acc_infer_clear/models/indextts2/pcg
copying build/lib/acc_infer_clear/models/indextts2/pcg/sampler.py -> build/bdist.linux-x86_64/wheel/./acc_infer_clear/models/indextts2/pcg
copying build/lib/acc_infer_clear/models/indextts2/pcg/asg.py -> build/bdist.linux-x86_64/wheel/./acc_infer_clear/models/indextts2/pcg
copying build/lib/acc_infer_clear/models/indextts2/pcg/__init__.py -> build/bdist.linux-x86_64/wheel/./acc_infer_clear/models/indextts2/pcg
copying build/lib/acc_infer_clear/models/loader.py -> build/bdist.linux-x86_64/wheel/./acc_infer_clear/models
copying build/lib/acc_infer_clear/models/__init__.py -> build/bdist.linux-x86_64/wheel/./acc_infer_clear/models
creating build/bdist.linux-x86_64/wheel/acc_infer_clear/ops
creating build/bdist.linux-x86_64/wheel/acc_infer_clear/ops/cuda
creating build/bdist.linux-x86_64/wheel/acc_infer_clear/ops/cuda/target_seven
copying build/lib/acc_infer_clear/ops/cuda/target_seven/exact_norm.py -> build/bdist.linux-x86_64/wheel/./acc_infer_clear/ops/cuda/target_seven
copying build/lib/acc_infer_clear/ops/cuda/target_seven/exact_norm.cu -> build/bdist.linux-x86_64/wheel/./acc_infer_clear/ops/cuda/target_seven
copying build/lib/acc_infer_clear/ops/cuda/target_seven/LICENSE.pytorch -> build/bdist.linux-x86_64/wheel/./acc_infer_clear/ops/cuda/target_seven
copying build/lib/acc_infer_clear/ops/cuda/target_seven/__init__.py -> build/bdist.linux-x86_64/wheel/./acc_infer_clear/ops/cuda/target_seven
copying build/lib/acc_infer_clear/ops/cuda/__init__.py -> build/bdist.linux-x86_64/wheel/./acc_infer_clear/ops/cuda
creating build/bdist.linux-x86_64/wheel/acc_infer_clear/ops/cuda/target_norm_quant
copying build/lib/acc_infer_clear/ops/cuda/target_norm_quant/fused.cu -> build/bdist.linux-x86_64/wheel/./acc_infer_clear/ops/cuda/target_norm_quant
copying build/lib/acc_infer_clear/ops/cuda/target_norm_quant/__init__.py -> build/bdist.linux-x86_64/wheel/./acc_infer_clear/ops/cuda/target_norm_quant
copying build/lib/acc_infer_clear/ops/cuda/target_norm_quant/NOTICE.md -> build/bdist.linux-x86_64/wheel/./acc_infer_clear/ops/cuda/target_norm_quant
copying build/lib/acc_infer_clear/ops/cuda/target_norm_quant/fused.py -> build/bdist.linux-x86_64/wheel/./acc_infer_clear/ops/cuda/target_norm_quant
copying build/lib/acc_infer_clear/ops/compile.py -> build/bdist.linux-x86_64/wheel/./acc_infer_clear/ops
creating build/bdist.linux-x86_64/wheel/acc_infer_clear/ops/tensorrt
copying build/lib/acc_infer_clear/ops/tensorrt/deploy.py -> build/bdist.linux-x86_64/wheel/./acc_infer_clear/ops/tensorrt
copying build/lib/acc_infer_clear/ops/tensorrt/vocoder_plugin.py -> build/bdist.linux-x86_64/wheel/./acc_infer_clear/ops/tensorrt
copying build/lib/acc_infer_clear/ops/tensorrt/native113.py -> build/bdist.linux-x86_64/wheel/./acc_infer_clear/ops/tensorrt
copying build/lib/acc_infer_clear/ops/tensorrt/__init__.py -> build/bdist.linux-x86_64/wheel/./acc_infer_clear/ops/tensorrt
copying build/lib/acc_infer_clear/ops/matrix.py -> build/bdist.linux-x86_64/wheel/./acc_infer_clear/ops
creating build/bdist.linux-x86_64/wheel/acc_infer_clear/ops/triton
creating build/bdist.linux-x86_64/wheel/acc_infer_clear/ops/triton/acoustic_refine
copying build/lib/acc_infer_clear/ops/triton/acoustic_refine/deploy.py -> build/bdist.linux-x86_64/wheel/./acc_infer_clear/ops/triton/acoustic_refine
copying build/lib/acc_infer_clear/ops/triton/acoustic_refine/alias.py -> build/bdist.linux-x86_64/wheel/./acc_infer_clear/ops/triton/acoustic_refine
copying build/lib/acc_infer_clear/ops/triton/acoustic_refine/__init__.py -> build/bdist.linux-x86_64/wheel/./acc_infer_clear/ops/triton/acoustic_refine
copying build/lib/acc_infer_clear/ops/triton/acoustic_refine/wavenet.py -> build/bdist.linux-x86_64/wheel/./acc_infer_clear/ops/triton/acoustic_refine
creating build/bdist.linux-x86_64/wheel/acc_infer_clear/ops/triton/target_full_m
copying build/lib/acc_infer_clear/ops/triton/target_full_m/deploy.py -> build/bdist.linux-x86_64/wheel/./acc_infer_clear/ops/triton/target_full_m
copying build/lib/acc_infer_clear/ops/triton/target_full_m/tiled.py -> build/bdist.linux-x86_64/wheel/./acc_infer_clear/ops/triton/target_full_m
copying build/lib/acc_infer_clear/ops/triton/target_full_m/__init__.py -> build/bdist.linux-x86_64/wheel/./acc_infer_clear/ops/triton/target_full_m
copying build/lib/acc_infer_clear/ops/triton/acceptance.py -> build/bdist.linux-x86_64/wheel/./acc_infer_clear/ops/triton
copying build/lib/acc_infer_clear/ops/triton/fp8_conv.py -> build/bdist.linux-x86_64/wheel/./acc_infer_clear/ops/triton
creating build/bdist.linux-x86_64/wheel/acc_infer_clear/ops/triton/unified_ar
copying build/lib/acc_infer_clear/ops/triton/unified_ar/deploy.py -> build/bdist.linux-x86_64/wheel/./acc_infer_clear/ops/triton/unified_ar
copying build/lib/acc_infer_clear/ops/triton/unified_ar/attention.py -> build/bdist.linux-x86_64/wheel/./acc_infer_clear/ops/triton/unified_ar
copying build/lib/acc_infer_clear/ops/triton/unified_ar/target.py -> build/bdist.linux-x86_64/wheel/./acc_infer_clear/ops/triton/unified_ar
copying build/lib/acc_infer_clear/ops/triton/unified_ar/linear.py -> build/bdist.linux-x86_64/wheel/./acc_infer_clear/ops/triton/unified_ar
copying build/lib/acc_infer_clear/ops/triton/unified_ar/qkv.py -> build/bdist.linux-x86_64/wheel/./acc_infer_clear/ops/triton/unified_ar
copying build/lib/acc_infer_clear/ops/triton/unified_ar/__init__.py -> build/bdist.linux-x86_64/wheel/./acc_infer_clear/ops/triton/unified_ar
copying build/lib/acc_infer_clear/ops/triton/unified_ar/draft.py -> build/bdist.linux-x86_64/wheel/./acc_infer_clear/ops/triton/unified_ar
copying build/lib/acc_infer_clear/ops/triton/device_commit.py -> build/bdist.linux-x86_64/wheel/./acc_infer_clear/ops/triton
copying build/lib/acc_infer_clear/ops/triton/stage2_fusions.py -> build/bdist.linux-x86_64/wheel/./acc_infer_clear/ops/triton
copying build/lib/acc_infer_clear/ops/triton/fp8_conv_ntc.py -> build/bdist.linux-x86_64/wheel/./acc_infer_clear/ops/triton
creating build/bdist.linux-x86_64/wheel/acc_infer_clear/ops/triton/ar_refine
copying build/lib/acc_infer_clear/ops/triton/ar_refine/deploy.py -> build/bdist.linux-x86_64/wheel/./acc_infer_clear/ops/triton/ar_refine
copying build/lib/acc_infer_clear/ops/triton/ar_refine/__init__.py -> build/bdist.linux-x86_64/wheel/./acc_infer_clear/ops/triton/ar_refine
copying build/lib/acc_infer_clear/ops/triton/draft_attention.py -> build/bdist.linux-x86_64/wheel/./acc_infer_clear/ops/triton
copying build/lib/acc_infer_clear/ops/triton/kv_attention.py -> build/bdist.linux-x86_64/wheel/./acc_infer_clear/ops/triton
copying build/lib/acc_infer_clear/ops/triton/context_scatter.py -> build/bdist.linux-x86_64/wheel/./acc_infer_clear/ops/triton
creating build/bdist.linux-x86_64/wheel/acc_infer_clear/ops/triton/ar_pipeline
copying build/lib/acc_infer_clear/ops/triton/ar_pipeline/deploy.py -> build/bdist.linux-x86_64/wheel/./acc_infer_clear/ops/triton/ar_pipeline
copying build/lib/acc_infer_clear/ops/triton/ar_pipeline/gemm.py -> build/bdist.linux-x86_64/wheel/./acc_infer_clear/ops/triton/ar_pipeline
copying build/lib/acc_infer_clear/ops/triton/ar_pipeline/__init__.py -> build/bdist.linux-x86_64/wheel/./acc_infer_clear/ops/triton/ar_pipeline
copying build/lib/acc_infer_clear/ops/triton/stage2_gemm.py -> build/bdist.linux-x86_64/wheel/./acc_infer_clear/ops/triton
copying build/lib/acc_infer_clear/ops/triton/stage2_bf16_conv.py -> build/bdist.linux-x86_64/wheel/./acc_infer_clear/ops/triton
creating build/bdist.linux-x86_64/wheel/acc_infer_clear/ops/triton/target_seven
copying build/lib/acc_infer_clear/ops/triton/target_seven/deploy.py -> build/bdist.linux-x86_64/wheel/./acc_infer_clear/ops/triton/target_seven
copying build/lib/acc_infer_clear/ops/triton/target_seven/attention.py -> build/bdist.linux-x86_64/wheel/./acc_infer_clear/ops/triton/target_seven
copying build/lib/acc_infer_clear/ops/triton/target_seven/pointwise.py -> build/bdist.linux-x86_64/wheel/./acc_infer_clear/ops/triton/target_seven
copying build/lib/acc_infer_clear/ops/triton/target_seven/__init__.py -> build/bdist.linux-x86_64/wheel/./acc_infer_clear/ops/triton/target_seven
copying build/lib/acc_infer_clear/ops/triton/target_seven/projections.py -> build/bdist.linux-x86_64/wheel/./acc_infer_clear/ops/triton/target_seven
copying build/lib/acc_infer_clear/ops/triton/fp8.py -> build/bdist.linux-x86_64/wheel/./acc_infer_clear/ops/triton
creating build/bdist.linux-x86_64/wheel/acc_infer_clear/ops/triton/acoustic_pipeline
copying build/lib/acc_infer_clear/ops/triton/acoustic_pipeline/deploy.py -> build/bdist.linux-x86_64/wheel/./acc_infer_clear/ops/triton/acoustic_pipeline
copying build/lib/acc_infer_clear/ops/triton/acoustic_pipeline/__init__.py -> build/bdist.linux-x86_64/wheel/./acc_infer_clear/ops/triton/acoustic_pipeline
copying build/lib/acc_infer_clear/ops/triton/acoustic_pipeline/ops.py -> build/bdist.linux-x86_64/wheel/./acc_infer_clear/ops/triton/acoustic_pipeline
copying build/lib/acc_infer_clear/ops/triton/acoustic_pipeline/conv.py -> build/bdist.linux-x86_64/wheel/./acc_infer_clear/ops/triton/acoustic_pipeline
copying build/lib/acc_infer_clear/ops/triton/fp8_conv_ordered.py -> build/bdist.linux-x86_64/wheel/./acc_infer_clear/ops/triton
copying build/lib/acc_infer_clear/ops/triton/__init__.py -> build/bdist.linux-x86_64/wheel/./acc_infer_clear/ops/triton
creating build/bdist.linux-x86_64/wheel/acc_infer_clear/ops/triton/acoustic
copying build/lib/acc_infer_clear/ops/triton/acoustic/kernels.py -> build/bdist.linux-x86_64/wheel/./acc_infer_clear/ops/triton/acoustic
copying build/lib/acc_infer_clear/ops/triton/acoustic/stage2.py -> build/bdist.linux-x86_64/wheel/./acc_infer_clear/ops/triton/acoustic
copying build/lib/acc_infer_clear/ops/triton/acoustic/__init__.py -> build/bdist.linux-x86_64/wheel/./acc_infer_clear/ops/triton/acoustic
creating build/bdist.linux-x86_64/wheel/acc_infer_clear/ops/triton/draft_fusion
copying build/lib/acc_infer_clear/ops/triton/draft_fusion/deploy.py -> build/bdist.linux-x86_64/wheel/./acc_infer_clear/ops/triton/draft_fusion
copying build/lib/acc_infer_clear/ops/triton/draft_fusion/__init__.py -> build/bdist.linux-x86_64/wheel/./acc_infer_clear/ops/triton/draft_fusion
copying build/lib/acc_infer_clear/ops/triton/alias_free.py -> build/bdist.linux-x86_64/wheel/./acc_infer_clear/ops/triton
creating build/bdist.linux-x86_64/wheel/acc_infer_clear/ops/triton/target_norm_quant
copying build/lib/acc_infer_clear/ops/triton/target_norm_quant/residual.py -> build/bdist.linux-x86_64/wheel/./acc_infer_clear/ops/triton/target_norm_quant
copying build/lib/acc_infer_clear/ops/triton/target_norm_quant/triton_fused.py -> build/bdist.linux-x86_64/wheel/./acc_infer_clear/ops/triton/target_norm_quant
copying build/lib/acc_infer_clear/ops/triton/target_norm_quant/__init__.py -> build/bdist.linux-x86_64/wheel/./acc_infer_clear/ops/triton/target_norm_quant
copying build/lib/acc_infer_clear/ops/triton/target_norm_quant/residual_down.py -> build/bdist.linux-x86_64/wheel/./acc_infer_clear/ops/triton/target_norm_quant
copying build/lib/acc_infer_clear/ops/triton/target_norm_quant/prequantized.py -> build/bdist.linux-x86_64/wheel/./acc_infer_clear/ops/triton/target_norm_quant
copying build/lib/acc_infer_clear/ops/backend.py -> build/bdist.linux-x86_64/wheel/./acc_infer_clear/ops
copying build/lib/acc_infer_clear/ops/__init__.py -> build/bdist.linux-x86_64/wheel/./acc_infer_clear/ops
creating build/bdist.linux-x86_64/wheel/acc_infer_clear/ops/planning
copying build/lib/acc_infer_clear/ops/planning/planner.py -> build/bdist.linux-x86_64/wheel/./acc_infer_clear/ops/planning
copying build/lib/acc_infer_clear/ops/planning/plan_cache.py -> build/bdist.linux-x86_64/wheel/./acc_infer_clear/ops/planning
creating build/bdist.linux-x86_64/wheel/acc_infer_clear/ops/planning/v2
copying build/lib/acc_infer_clear/ops/planning/v2/model.py -> build/bdist.linux-x86_64/wheel/./acc_infer_clear/ops/planning/v2
copying build/lib/acc_infer_clear/ops/planning/v2/deploy.py -> build/bdist.linux-x86_64/wheel/./acc_infer_clear/ops/planning/v2
copying build/lib/acc_infer_clear/ops/planning/v2/formulas.py -> build/bdist.linux-x86_64/wheel/./acc_infer_clear/ops/planning/v2
copying build/lib/acc_infer_clear/ops/planning/v2/adapters.py -> build/bdist.linux-x86_64/wheel/./acc_infer_clear/ops/planning/v2
copying build/lib/acc_infer_clear/ops/planning/v2/inventory.py -> build/bdist.linux-x86_64/wheel/./acc_infer_clear/ops/planning/v2
copying build/lib/acc_infer_clear/ops/planning/v2/__init__.py -> build/bdist.linux-x86_64/wheel/./acc_infer_clear/ops/planning/v2
copying build/lib/acc_infer_clear/ops/planning/v2/runtime.py -> build/bdist.linux-x86_64/wheel/./acc_infer_clear/ops/planning/v2
copying build/lib/acc_infer_clear/ops/planning/v2/manifest.py -> build/bdist.linux-x86_64/wheel/./acc_infer_clear/ops/planning/v2
copying build/lib/acc_infer_clear/ops/planning/__init__.py -> build/bdist.linux-x86_64/wheel/./acc_infer_clear/ops/planning
creating build/bdist.linux-x86_64/wheel/acc_infer_clear/ops/eager
copying build/lib/acc_infer_clear/ops/eager/matrix.py -> build/bdist.linux-x86_64/wheel/./acc_infer_clear/ops/eager
copying build/lib/acc_infer_clear/ops/eager/target.py -> build/bdist.linux-x86_64/wheel/./acc_infer_clear/ops/eager
copying build/lib/acc_infer_clear/ops/eager/__init__.py -> build/bdist.linux-x86_64/wheel/./acc_infer_clear/ops/eager
copying build/lib/acc_infer_clear/ops/eager/layout_conv.py -> build/bdist.linux-x86_64/wheel/./acc_infer_clear/ops/eager
creating build/bdist.linux-x86_64/wheel/acc_infer_clear/ops/target_norm_quant
copying build/lib/acc_infer_clear/ops/target_norm_quant/deploy.py -> build/bdist.linux-x86_64/wheel/./acc_infer_clear/ops/target_norm_quant
copying build/lib/acc_infer_clear/ops/target_norm_quant/deploy_experiment.py -> build/bdist.linux-x86_64/wheel/./acc_infer_clear/ops/target_norm_quant
copying build/lib/acc_infer_clear/ops/target_norm_quant/__init__.py -> build/bdist.linux-x86_64/wheel/./acc_infer_clear/ops/target_norm_quant
running install_egg_info
Copying src/acc_infer_clear_optimized.egg-info to build/bdist.linux-x86_64/wheel/./acc_infer_clear_optimized-0.1.0-py3.11.egg-info
running install_scripts
creating build/bdist.linux-x86_64/wheel/acc_infer_clear_optimized-0.1.0.dist-info/WHEEL
creating '/workspace/A_inspark_marlin/.work/wheel_final/.tmp-apb0j3zg/acc_infer_clear_optimized-0.1.0-py3-none-any.whl' and adding 'build/bdist.linux-x86_64/wheel' to it
adding 'acc_infer_clear/__init__.py'
adding 'acc_infer_clear/cli.py'
adding 'acc_infer_clear/config.py'
adding 'acc_infer_clear/api/__init__.py'
adding 'acc_infer_clear/api/cli.py'
adding 'acc_infer_clear/api/protocol.py'
adding 'acc_infer_clear/guardrails/__init__.py'
adding 'acc_infer_clear/guardrails/gates.py'
adding 'acc_infer_clear/guardrails/numerics.py'
adding 'acc_infer_clear/guardrails/online.py'
adding 'acc_infer_clear/guardrails/quality.py'
adding 'acc_infer_clear/guardrails/snapshots.py'
adding 'acc_infer_clear/models/__init__.py'
adding 'acc_infer_clear/models/loader.py'
adding 'acc_infer_clear/models/indextts2/__init__.py'
adding 'acc_infer_clear/models/indextts2/audio.py'
adding 'acc_infer_clear/models/indextts2/batch_frontend.py'
adding 'acc_infer_clear/models/indextts2/loader.py'
adding 'acc_infer_clear/models/indextts2/reference.py'
adding 'acc_infer_clear/models/indextts2/streaming.py'
adding 'acc_infer_clear/models/indextts2/cfm/__init__.py'
adding 'acc_infer_clear/models/indextts2/cfm/solver.py'
adding 'acc_infer_clear/models/indextts2/dspark/__init__.py'
adding 'acc_infer_clear/models/indextts2/dspark/draft.py'
adding 'acc_infer_clear/models/indextts2/dspark/dynamic_conv.py'
adding 'acc_infer_clear/models/indextts2/dspark/logic.py'
adding 'acc_infer_clear/models/indextts2/dspark/target.py'
adding 'acc_infer_clear/models/indextts2/pcg/__init__.py'
adding 'acc_infer_clear/models/indextts2/pcg/asg.py'
adding 'acc_infer_clear/models/indextts2/pcg/sampler.py'
adding 'acc_infer_clear/models/indextts2/upstream/__init__.py'
adding 'acc_infer_clear/models/indextts2/upstream/infer_v2.py'
adding 'acc_infer_clear/models/indextts2/upstream/codec/__init__.py'
adding 'acc_infer_clear/models/indextts2/upstream/codec/maskgct_codec.py'
adding 'acc_infer_clear/models/indextts2/upstream/gpt/__init__.py'
adding 'acc_infer_clear/models/indextts2/upstream/gpt/conformer_encoder.py'
adding 'acc_infer_clear/models/indextts2/upstream/gpt/model_v2.py'
adding 'acc_infer_clear/models/indextts2/upstream/gpt/perceiver.py'
adding 'acc_infer_clear/models/indextts2/upstream/gpt/transformers_gpt2.py'
adding 'acc_infer_clear/models/indextts2/upstream/gpt/conformer/__init__.py'
adding 'acc_infer_clear/models/indextts2/upstream/gpt/conformer/attention.py'
adding 'acc_infer_clear/models/indextts2/upstream/gpt/conformer/embedding.py'
adding 'acc_infer_clear/models/indextts2/upstream/gpt/conformer/subsampling.py'
adding 'acc_infer_clear/models/indextts2/upstream/s2mel/__init__.py'
adding 'acc_infer_clear/models/indextts2/upstream/s2mel/dac/__init__.py'
adding 'acc_infer_clear/models/indextts2/upstream/s2mel/dac/nn/__init__.py'
adding 'acc_infer_clear/models/indextts2/upstream/s2mel/dac/nn/layers.py'
adding 'acc_infer_clear/models/indextts2/upstream/s2mel/dac/nn/quantize.py'
adding 'acc_infer_clear/models/indextts2/upstream/s2mel/modules/__init__.py'
adding 'acc_infer_clear/models/indextts2/upstream/s2mel/modules/audio.py'
adding 'acc_infer_clear/models/indextts2/upstream/s2mel/modules/commons.py'
adding 'acc_infer_clear/models/indextts2/upstream/s2mel/modules/diffusion_transformer.py'
adding 'acc_infer_clear/models/indextts2/upstream/s2mel/modules/encodec.py'
adding 'acc_infer_clear/models/indextts2/upstream/s2mel/modules/flow_matching.py'
adding 'acc_infer_clear/models/indextts2/upstream/s2mel/modules/length_regulator.py'
adding 'acc_infer_clear/models/indextts2/upstream/s2mel/modules/wavenet.py'
adding 'acc_infer_clear/models/indextts2/upstream/s2mel/modules/bigvgan/__init__.py'
adding 'acc_infer_clear/models/indextts2/upstream/s2mel/modules/bigvgan/activations.py'
adding 'acc_infer_clear/models/indextts2/upstream/s2mel/modules/bigvgan/bigvgan.py'
adding 'acc_infer_clear/models/indextts2/upstream/s2mel/modules/bigvgan/env.py'
adding 'acc_infer_clear/models/indextts2/upstream/s2mel/modules/bigvgan/meldataset.py'
adding 'acc_infer_clear/models/indextts2/upstream/s2mel/modules/bigvgan/utils.py'
adding 'acc_infer_clear/models/indextts2/upstream/s2mel/modules/bigvgan/alias_free_activation/__init__.py'
adding 'acc_infer_clear/models/indextts2/upstream/s2mel/modules/bigvgan/alias_free_activation/torch/__init__.py'
adding 'acc_infer_clear/models/indextts2/upstream/s2mel/modules/bigvgan/alias_free_activation/torch/act.py'
adding 'acc_infer_clear/models/indextts2/upstream/s2mel/modules/bigvgan/alias_free_activation/torch/filter.py'
adding 'acc_infer_clear/models/indextts2/upstream/s2mel/modules/bigvgan/alias_free_activation/torch/resample.py'
adding 'acc_infer_clear/models/indextts2/upstream/s2mel/modules/campplus/DTDNN.py'
adding 'acc_infer_clear/models/indextts2/upstream/s2mel/modules/campplus/__init__.py'
adding 'acc_infer_clear/models/indextts2/upstream/s2mel/modules/campplus/layers.py'
adding 'acc_infer_clear/models/indextts2/upstream/s2mel/modules/gpt_fast/__init__.py'
adding 'acc_infer_clear/models/indextts2/upstream/s2mel/modules/gpt_fast/model.py'
adding 'acc_infer_clear/models/indextts2/upstream/utils/__init__.py'
adding 'acc_infer_clear/models/indextts2/upstream/utils/arch_util.py'
adding 'acc_infer_clear/models/indextts2/upstream/utils/checkpoint.py'
adding 'acc_infer_clear/models/indextts2/upstream/utils/common.py'
adding 'acc_infer_clear/models/indextts2/upstream/utils/front.py'
adding 'acc_infer_clear/models/indextts2/upstream/utils/tokenizer.py'
adding 'acc_infer_clear/models/indextts2/upstream/utils/typical_sampling.py'
adding 'acc_infer_clear/models/indextts2/upstream/utils/xtransformers.py'
adding 'acc_infer_clear/models/indextts2/upstream/utils/maskgct/__init__.py'
adding 'acc_infer_clear/models/indextts2/upstream/utils/maskgct/models/__init__.py'
adding 'acc_infer_clear/models/indextts2/upstream/utils/maskgct/models/codec/__init__.py'
adding 'acc_infer_clear/models/indextts2/upstream/utils/maskgct/models/codec/amphion_codec/__init__.py'
adding 'acc_infer_clear/models/indextts2/upstream/utils/maskgct/models/codec/amphion_codec/quantize/__init__.py'
adding 'acc_infer_clear/models/indextts2/upstream/utils/maskgct/models/codec/amphion_codec/quantize/factorized_vector_quantize.py'
adding 'acc_infer_clear/models/indextts2/upstream/utils/maskgct/models/codec/amphion_codec/quantize/lookup_free_quantize.py'
adding 'acc_infer_clear/models/indextts2/upstream/utils/maskgct/models/codec/amphion_codec/quantize/residual_vq.py'
adding 'acc_infer_clear/models/indextts2/upstream/utils/maskgct/models/codec/amphion_codec/quantize/vector_quantize.py'
adding 'acc_infer_clear/models/indextts2/upstream/utils/maskgct/models/codec/kmeans/__init__.py'
adding 'acc_infer_clear/models/indextts2/upstream/utils/maskgct/models/codec/kmeans/repcodec_model.py'
adding 'acc_infer_clear/models/indextts2/upstream/utils/maskgct/models/codec/kmeans/vocos.py'
adding 'acc_infer_clear/ops/__init__.py'
adding 'acc_infer_clear/ops/backend.py'
adding 'acc_infer_clear/ops/compile.py'
adding 'acc_infer_clear/ops/matrix.py'
adding 'acc_infer_clear/ops/cuda/__init__.py'
adding 'acc_infer_clear/ops/cuda/target_norm_quant/NOTICE.md'
adding 'acc_infer_clear/ops/cuda/target_norm_quant/__init__.py'
adding 'acc_infer_clear/ops/cuda/target_norm_quant/fused.cu'
adding 'acc_infer_clear/ops/cuda/target_norm_quant/fused.py'
adding 'acc_infer_clear/ops/cuda/target_seven/LICENSE.pytorch'
adding 'acc_infer_clear/ops/cuda/target_seven/__init__.py'
adding 'acc_infer_clear/ops/cuda/target_seven/exact_norm.cu'
adding 'acc_infer_clear/ops/cuda/target_seven/exact_norm.py'
adding 'acc_infer_clear/ops/eager/__init__.py'
adding 'acc_infer_clear/ops/eager/layout_conv.py'
adding 'acc_infer_clear/ops/eager/matrix.py'
adding 'acc_infer_clear/ops/eager/target.py'
adding 'acc_infer_clear/ops/planning/__init__.py'
adding 'acc_infer_clear/ops/planning/plan_cache.py'
adding 'acc_infer_clear/ops/planning/planner.py'
adding 'acc_infer_clear/ops/planning/v2/__init__.py'
adding 'acc_infer_clear/ops/planning/v2/adapters.py'
adding 'acc_infer_clear/ops/planning/v2/deploy.py'
adding 'acc_infer_clear/ops/planning/v2/formulas.py'
adding 'acc_infer_clear/ops/planning/v2/inventory.py'
adding 'acc_infer_clear/ops/planning/v2/manifest.py'
adding 'acc_infer_clear/ops/planning/v2/model.py'
adding 'acc_infer_clear/ops/planning/v2/runtime.py'
adding 'acc_infer_clear/ops/target_norm_quant/__init__.py'
adding 'acc_infer_clear/ops/target_norm_quant/deploy.py'
adding 'acc_infer_clear/ops/target_norm_quant/deploy_experiment.py'
adding 'acc_infer_clear/ops/tensorrt/__init__.py'
adding 'acc_infer_clear/ops/tensorrt/deploy.py'
adding 'acc_infer_clear/ops/tensorrt/native113.py'
adding 'acc_infer_clear/ops/tensorrt/vocoder_plugin.py'
adding 'acc_infer_clear/ops/triton/__init__.py'
adding 'acc_infer_clear/ops/triton/acceptance.py'
adding 'acc_infer_clear/ops/triton/alias_free.py'
adding 'acc_infer_clear/ops/triton/context_scatter.py'
adding 'acc_infer_clear/ops/triton/device_commit.py'
adding 'acc_infer_clear/ops/triton/draft_attention.py'
adding 'acc_infer_clear/ops/triton/fp8.py'
adding 'acc_infer_clear/ops/triton/fp8_conv.py'
adding 'acc_infer_clear/ops/triton/fp8_conv_ntc.py'
adding 'acc_infer_clear/ops/triton/fp8_conv_ordered.py'
adding 'acc_infer_clear/ops/triton/kv_attention.py'
adding 'acc_infer_clear/ops/triton/stage2_bf16_conv.py'
adding 'acc_infer_clear/ops/triton/stage2_fusions.py'
adding 'acc_infer_clear/ops/triton/stage2_gemm.py'
adding 'acc_infer_clear/ops/triton/acoustic/__init__.py'
adding 'acc_infer_clear/ops/triton/acoustic/kernels.py'
adding 'acc_infer_clear/ops/triton/acoustic/stage2.py'
adding 'acc_infer_clear/ops/triton/acoustic_pipeline/__init__.py'
adding 'acc_infer_clear/ops/triton/acoustic_pipeline/conv.py'
adding 'acc_infer_clear/ops/triton/acoustic_pipeline/deploy.py'
adding 'acc_infer_clear/ops/triton/acoustic_pipeline/ops.py'
adding 'acc_infer_clear/ops/triton/acoustic_refine/__init__.py'
adding 'acc_infer_clear/ops/triton/acoustic_refine/alias.py'
adding 'acc_infer_clear/ops/triton/acoustic_refine/deploy.py'
adding 'acc_infer_clear/ops/triton/acoustic_refine/wavenet.py'
adding 'acc_infer_clear/ops/triton/ar_pipeline/__init__.py'
adding 'acc_infer_clear/ops/triton/ar_pipeline/deploy.py'
adding 'acc_infer_clear/ops/triton/ar_pipeline/gemm.py'
adding 'acc_infer_clear/ops/triton/ar_refine/__init__.py'
adding 'acc_infer_clear/ops/triton/ar_refine/deploy.py'
adding 'acc_infer_clear/ops/triton/draft_fusion/__init__.py'
adding 'acc_infer_clear/ops/triton/draft_fusion/deploy.py'
adding 'acc_infer_clear/ops/triton/target_full_m/__init__.py'
adding 'acc_infer_clear/ops/triton/target_full_m/deploy.py'
adding 'acc_infer_clear/ops/triton/target_full_m/tiled.py'
adding 'acc_infer_clear/ops/triton/target_norm_quant/__init__.py'
adding 'acc_infer_clear/ops/triton/target_norm_quant/prequantized.py'
adding 'acc_infer_clear/ops/triton/target_norm_quant/residual.py'
adding 'acc_infer_clear/ops/triton/target_norm_quant/residual_down.py'
adding 'acc_infer_clear/ops/triton/target_norm_quant/triton_fused.py'
adding 'acc_infer_clear/ops/triton/target_seven/__init__.py'
adding 'acc_infer_clear/ops/triton/target_seven/attention.py'
adding 'acc_infer_clear/ops/triton/target_seven/deploy.py'
adding 'acc_infer_clear/ops/triton/target_seven/pointwise.py'
adding 'acc_infer_clear/ops/triton/target_seven/projections.py'
adding 'acc_infer_clear/ops/triton/unified_ar/__init__.py'
adding 'acc_infer_clear/ops/triton/unified_ar/attention.py'
adding 'acc_infer_clear/ops/triton/unified_ar/deploy.py'
adding 'acc_infer_clear/ops/triton/unified_ar/draft.py'
adding 'acc_infer_clear/ops/triton/unified_ar/linear.py'
adding 'acc_infer_clear/ops/triton/unified_ar/qkv.py'
adding 'acc_infer_clear/ops/triton/unified_ar/target.py'
adding 'acc_infer_clear/quantization/__init__.py'
adding 'acc_infer_clear/quantization/precision.py'
adding 'acc_infer_clear/quantization/weights.py'
adding 'acc_infer_clear/runtime/__init__.py'
adding 'acc_infer_clear/runtime/assets.py'
adding 'acc_infer_clear/runtime/cleanup.py'
adding 'acc_infer_clear/runtime/config.py'
adding 'acc_infer_clear/runtime/deployment.py'
adding 'acc_infer_clear/runtime/device.py'
adding 'acc_infer_clear/runtime/engine.py'
adding 'acc_infer_clear/runtime/graph_policy.py'
adding 'acc_infer_clear/runtime/graphs.py'
adding 'acc_infer_clear/runtime/pool.py'
adding 'acc_infer_clear/runtime/prefix_graphs.py'
adding 'acc_infer_clear/runtime/splitter.py'
adding 'acc_infer_clear/runtime/state.py'
adding 'acc_infer_clear/runtime/indextts2/__init__.py'
adding 'acc_infer_clear/runtime/indextts2/batch_context.py'
adding 'acc_infer_clear/runtime/indextts2/batch_draft.py'
adding 'acc_infer_clear/runtime/indextts2/batch_latent.py'
adding 'acc_infer_clear/runtime/indextts2/batch_pcg.py'
adding 'acc_infer_clear/runtime/indextts2/batch_target.py'
adding 'acc_infer_clear/runtime/indextts2/core.py'
adding 'acc_infer_clear/runtime/indextts2/device_round.py'
adding 'acc_infer_clear/runtime/indextts2/proposal.py'
adding 'acc_infer_clear/runtime/indextts2/runtime.py'
adding 'acc_infer_clear/runtime/indextts2/slot_draft.py'
adding 'acc_infer_clear/runtime/indextts2/slot_target.py'
adding 'acc_infer_clear/runtime/prefix_padding/__init__.py'
adding 'acc_infer_clear/runtime/prefix_padding/deploy.py'
adding 'acc_infer_clear/runtime/prefix_padding/lab.py'
adding 'acc_infer_clear_optimized-0.1.0.dist-info/METADATA'
adding 'acc_infer_clear_optimized-0.1.0.dist-info/WHEEL'
adding 'acc_infer_clear_optimized-0.1.0.dist-info/entry_points.txt'
adding 'acc_infer_clear_optimized-0.1.0.dist-info/top_level.txt'
adding 'acc_infer_clear_optimized-0.1.0.dist-info/RECORD'
removing build/bdist.linux-x86_64/wheel
Successfully built .work/wheel_final/acc_infer_clear_optimized-0.1.0-py3-none-any.whl
